# Gates for r3 at 8e4510bab547ebcd438da1e548ef8fcd0e40a6ab
# go version go1.27.0 darwin/arm64; tree clean: 0 changed paths
$ go vet ./...
$ go test ./internal/ackhandler/... ./internal/congestion/... -count=1
ok  	github.com/quic-go/quic-go/internal/ackhandler	22.348s
ok  	github.com/quic-go/quic-go/internal/congestion	0.197s
$ go test -race ./internal/ackhandler/ ./internal/congestion/ -count=1
ok  	github.com/quic-go/quic-go/internal/ackhandler	345.317s
ok  	github.com/quic-go/quic-go/internal/congestion	1.293s
$ go test -tags bbrworkcount ./internal/ackhandler/ -count=1
ok  	github.com/quic-go/quic-go/internal/ackhandler	22.930s
$ go test . -run BBR|Emission|Credit|Delivery|ECN|Continuation|Pacing -count=1
ok  	github.com/quic-go/quic-go	0.190s
$ go test -race . -run BBR|Emission|Credit|Delivery|ECN|Continuation|Pacing -count=1
ok  	github.com/quic-go/quic-go	1.319s
$ sh -c out=$(mktemp); go test . -count=1 -v >"$out" 2>&1; s=$?; grep -E "^(--- FAIL|FAIL|ok|panic)" "$out"; grep -cE "^--- PASS" "$out" | sed "s/$/ top-level PASS/"; grep -cE "^--- SKIP" "$out" | sed "s/$/ top-level SKIP/"; rm -f "$out"; exit $s
ok  	github.com/quic-go/quic-go	1.444s
651 top-level PASS
7 top-level SKIP
# status 0
