# Gates for r4 at 9018dd6a83695bf967f2cf26e9f25d1441f8e162
# go version go1.27.0 darwin/arm64; tree clean: 0 changed paths
$ go vet ./...
$ go test ./internal/ackhandler/... ./internal/congestion/... -count=1
ok  	github.com/quic-go/quic-go/internal/ackhandler	19.624s
ok  	github.com/quic-go/quic-go/internal/congestion	0.300s
$ go test -race ./internal/ackhandler/ ./internal/congestion/ -count=1
ok  	github.com/quic-go/quic-go/internal/ackhandler	319.842s
ok  	github.com/quic-go/quic-go/internal/congestion	1.300s
$ go test -tags bbrworkcount ./internal/ackhandler/ -count=1
ok  	github.com/quic-go/quic-go/internal/ackhandler	19.418s
$ go test . -run BBR|Emission|Credit|Delivery|ECN|Continuation|Pacing -count=1
ok  	github.com/quic-go/quic-go	0.206s
$ go test -race . -run BBR|Emission|Credit|Delivery|ECN|Continuation|Pacing -count=1
ok  	github.com/quic-go/quic-go	1.390s
$ sh -c out=$(mktemp); go test . -count=1 -v >"$out" 2>&1; s=$?; grep -E "^(--- FAIL|FAIL|ok|panic)" "$out"; grep -cE "^--- PASS" "$out" | sed "s/$/ top-level PASS/"; grep -cE "^--- SKIP" "$out" | sed "s/$/ top-level SKIP/"; rm -f "$out"; exit $s
ok  	github.com/quic-go/quic-go	1.366s
652 top-level PASS
7 top-level SKIP
# status 0
