# Gates for r4 at 111178b787bc2da6a865ed0b720186b5c0244d80
# go version go1.27.0 darwin/arm64; tree clean: 0 changed paths
$ go vet ./...
$ go test ./internal/ackhandler/... ./internal/congestion/... -count=1
ok  	github.com/quic-go/quic-go/internal/ackhandler	22.672s
ok  	github.com/quic-go/quic-go/internal/congestion	0.221s
$ go test -race ./internal/ackhandler/ ./internal/congestion/ -count=1
ok  	github.com/quic-go/quic-go/internal/ackhandler	344.327s
ok  	github.com/quic-go/quic-go/internal/congestion	1.314s
$ go test -tags bbrworkcount ./internal/ackhandler/ -count=1
ok  	github.com/quic-go/quic-go/internal/ackhandler	22.433s
$ go test . -run BBR|Emission|Credit|Delivery|ECN|Continuation|Pacing -count=1
ok  	github.com/quic-go/quic-go	0.187s
$ go test -race . -run BBR|Emission|Credit|Delivery|ECN|Continuation|Pacing -count=1
ok  	github.com/quic-go/quic-go	1.298s
$ sh -c out=$(mktemp); go test . -count=1 -v >"$out" 2>&1; s=$?; grep -E "^(--- FAIL|FAIL|ok|panic)" "$out"; grep -cE "^--- PASS" "$out" | sed "s/$/ top-level PASS/"; grep -cE "^--- SKIP" "$out" | sed "s/$/ top-level SKIP/"; rm -f "$out"; exit $s
ok  	github.com/quic-go/quic-go	1.341s
652 top-level PASS
7 top-level SKIP
# status 0
