# Gates for r7 at a2f1973c2669ecd9953be9cd303d8910ac56b34f
# go version go1.27.0 darwin/arm64; tree clean: 0 changed paths
$ go vet ./...
$ go test ./internal/ackhandler/... ./internal/congestion/... -count=1
ok  	github.com/quic-go/quic-go/internal/ackhandler	22.280s
ok  	github.com/quic-go/quic-go/internal/congestion	0.159s
$ go test -race ./internal/ackhandler/ ./internal/congestion/ -count=1
ok  	github.com/quic-go/quic-go/internal/ackhandler	341.224s
ok  	github.com/quic-go/quic-go/internal/congestion	1.298s
$ go test -tags bbrworkcount ./internal/ackhandler/ -count=1
ok  	github.com/quic-go/quic-go/internal/ackhandler	22.380s
$ go test . -run BBR|Emission|Credit|Delivery|ECN|Continuation|Pacing|Capability -count=1
ok  	github.com/quic-go/quic-go	0.712s
$ go test -race . -run BBR|Emission|Credit|Delivery|ECN|Continuation|Pacing|Capability -count=1
ok  	github.com/quic-go/quic-go	5.330s
$ sh -c out=$(mktemp); go test . -count=1 -v >"$out" 2>&1; s=$?; grep -E "^(--- FAIL|FAIL|ok|panic)" "$out"; grep -cE "^--- PASS" "$out" | sed "s/$/ top-level PASS/"; grep -cE "^--- SKIP" "$out" | sed "s/$/ top-level SKIP/"; rm -f "$out"; exit $s
ok  	github.com/quic-go/quic-go	1.948s
654 top-level PASS
7 top-level SKIP
# status 0
exit 0
