# Gates for r8 at 95f5b6b7a0689a035c29d859f4e026469e20d20d
# go version go1.27.0 darwin/arm64; tree clean: 0 changed paths
$ go vet ./...
$ go test ./internal/ackhandler/... ./internal/congestion/... -count=1
ok  	github.com/quic-go/quic-go/internal/ackhandler	21.751s
ok  	github.com/quic-go/quic-go/internal/congestion	0.155s
$ go test -race ./internal/ackhandler/ ./internal/congestion/ -count=1
ok  	github.com/quic-go/quic-go/internal/ackhandler	336.086s
ok  	github.com/quic-go/quic-go/internal/congestion	1.299s
$ go test -tags bbrworkcount ./internal/ackhandler/ -count=1
ok  	github.com/quic-go/quic-go/internal/ackhandler	21.987s
$ go test . -run BBR|Emission|Credit|Delivery|ECN|Continuation|Pacing|Capability -count=1
ok  	github.com/quic-go/quic-go	0.731s
$ go test -race . -run BBR|Emission|Credit|Delivery|ECN|Continuation|Pacing|Capability -count=1
ok  	github.com/quic-go/quic-go	5.281s
$ sh -c out=$(mktemp); go test . -count=1 -v >"$out" 2>&1; s=$?; grep -E "^(--- FAIL|FAIL|ok|panic)" "$out"; grep -cE "^--- PASS" "$out" | sed "s/$/ top-level PASS/"; grep -cE "^--- SKIP" "$out" | sed "s/$/ top-level SKIP/"; rm -f "$out"; exit $s
ok  	github.com/quic-go/quic-go	1.901s
654 top-level PASS
7 top-level SKIP
# status 0
exit 0
