# Gates for l1 at 71001b94094c09c37069798d0e70cc589d437811
# go version go1.27.0 darwin/arm64; tree clean: 0 changed paths
$ go vet ./...
$ go test ./internal/ackhandler/... ./internal/congestion/... -count=1
ok  	github.com/quic-go/quic-go/internal/ackhandler	21.442s
ok  	github.com/quic-go/quic-go/internal/congestion	0.116s
$ go test -race ./internal/ackhandler/ ./internal/congestion/ -count=1
ok  	github.com/quic-go/quic-go/internal/ackhandler	327.342s
ok  	github.com/quic-go/quic-go/internal/congestion	1.299s
$ go test -tags bbrworkcount ./internal/ackhandler/ -count=1
ok  	github.com/quic-go/quic-go/internal/ackhandler	21.172s
$ go test . -run BBR|Emission|Credit|Delivery|ECN|Continuation|Pacing|Capability -count=1
ok  	github.com/quic-go/quic-go	0.689s
$ go test -race . -run BBR|Emission|Credit|Delivery|ECN|Continuation|Pacing|Capability -count=1
ok  	github.com/quic-go/quic-go	5.215s
$ sh -c out=$(mktemp); go test . -count=1 -v >"$out" 2>&1; s=$?; grep -E "^(--- FAIL|FAIL|ok|panic)" "$out"; grep -cE "^--- PASS" "$out" | sed "s/$/ top-level PASS/"; grep -cE "^--- SKIP" "$out" | sed "s/$/ top-level SKIP/"; rm -f "$out"; exit $s
ok  	github.com/quic-go/quic-go	1.855s
654 top-level PASS
7 top-level SKIP
# status 0
