# Gates for cand-mem (exported tree; build receipt bin/cand-mem-build.json)
# go version go1.27.0 darwin/arm64
14:	maxRecoveryOutcomes = 32768
$ go vet .
$ go test ./internal/ackhandler/... ./internal/congestion/... -count=1
ok  	github.com/quic-go/quic-go/internal/ackhandler	21.708s
ok  	github.com/quic-go/quic-go/internal/congestion	0.133s
$ go test -race ./internal/ackhandler/ ./internal/congestion/ -count=1
ok  	github.com/quic-go/quic-go/internal/ackhandler	338.194s
ok  	github.com/quic-go/quic-go/internal/congestion	1.294s
$ go test -tags bbrworkcount ./internal/ackhandler/ -count=1
ok  	github.com/quic-go/quic-go/internal/ackhandler	22.013s
$ go test . -run BBR|Emission|Credit|Delivery|ECN|Continuation|Pacing|Capability -count=1
ok  	github.com/quic-go/quic-go	0.691s
$ go test -race . -run BBR|Emission|Credit|Delivery|ECN|Continuation|Pacing|Capability -count=1
ok  	github.com/quic-go/quic-go	5.305s
$ sh -c out=$(mktemp); go test . -count=1 -v >"$out" 2>&1; s=$?; grep -E "^(--- FAIL|FAIL|ok|panic)" "$out"; grep -cE "^--- PASS" "$out" | sed "s/$/ top-level PASS/"; grep -cE "^--- SKIP" "$out" | sed "s/$/ top-level SKIP/"; rm -f "$out"; exit $s
ok  	github.com/quic-go/quic-go	1.833s
659 top-level PASS
7 top-level SKIP
# status 0
