# Gates for gate-ring-m1 (exported tree; build receipt bin/gate-ring-m1-build.json)
# go version go1.27.0 darwin/arm64
14:	maxRecoveryOutcomes = 4096
$ go vet .
$ go test ./internal/ackhandler/... ./internal/congestion/... -count=1
--- FAIL: TestRecoveryEquivalenceScenarios (0.19s)
    --- FAIL: TestRecoveryEquivalenceScenarios/eviction_of_a_run's_first_endpoint_and_loss_of_an_evicted_outcome (0.02s)
        recovery_equivalence_test.go:46: 
            	Error Trace:	/Volumes/worktrees/quic-go-fast/bbr-r9-memory-attribution/.local/bbr-r9-memory-attribution/src/gate-ring-m1/internal/ackhandler/recovery_twin_test.go:316
            	            				/Volumes/worktrees/quic-go-fast/bbr-r9-memory-attribution/.local/bbr-r9-memory-attribution/src/gate-ring-m1/internal/ackhandler/recovery_twin_test.go:106
            	            				/Volumes/worktrees/quic-go-fast/bbr-r9-memory-attribution/.local/bbr-r9-memory-attribution/src/gate-ring-m1/internal/ackhandler/recovery_equivalence_test.go:46
            	            				/Volumes/worktrees/quic-go-fast/bbr-r9-memory-attribution/.local/bbr-r9-memory-attribution/src/gate-ring-m1/internal/ackhandler/recovery_equivalence_test.go:300
            	Error:      	Not equal: 
            	            	expected: ackhandler.dispatchSummary{Ordinal:0x1002, PathGeneration:0x0, SampleGeneration:0x1, RegistrationTime:3600411000000, Live:4094, Count:4096, OutcomeEvicted:0x2, Reported:0x0, Measured:true, Unconfirmed:true, NeedsAckFeedback:true, Episode:congestion.RecoveryEpisode{ID:0x1, Boundary:0x5, Pending:3, Active:true, Entered:false, Exited:false, UndoPossible:false, UndoEligible:false}, Members:map[uint64]struct {}(nil), Latest:map[protocol.EncryptionLevel]protocol.PacketNumber{0x4:4097}, Boundary:map[protocol.EncryptionLevel]protocol.PacketNumber{0x4:4}, Delivered:0x4b0, Lost:0xe10, DeliveredTime:3600010000000, SendOrigin:3600010000000, Outstanding:6000, MinimumRTT:10000000, Evicted:0x0, Expired:0x0, Missing:0x0, LimitedUntil:0x0, Limited:0x0, Stop:0x0, ApplicationExhausted:false, EvidenceLost:false, Originless:false, NextExpiry:3600711000000, Retained:3}
            	            	actual  : ackhandler.dispatchSummary{Ordinal:0x1002, PathGeneration:0x0, SampleGeneration:0x1, RegistrationTime:3600411000000, Live:4094, Count:4096, OutcomeEvicted:0x2, Reported:0x0, Measured:true, Unconfirmed:true, NeedsAckFeedback:true, Episode:congestion.RecoveryEpisode{ID:0x1, Boundary:0x5, Pending:3, Active:true, Entered:false, Exited:false, UndoPossible:true, UndoEligible:false}, Members:map[uint64]struct {}{0x2:struct {}{}, 0x3:struct {}{}, 0x4:struct {}{}}, Latest:map[protocol.EncryptionLevel]protocol.PacketNumber{0x4:4097}, Boundary:map[protocol.EncryptionLevel]protocol.PacketNumber{0x4:4}, Delivered:0x4b0, Lost:0xe10, DeliveredTime:3600010000000, SendOrigin:3600010000000, Outstanding:6000, MinimumRTT:10000000, Evicted:0x0, Expired:0x0, Missing:0x0, LimitedUntil:0x0, Limited:0x0, Stop:0x0, ApplicationExhausted:false, EvidenceLost:false, Originless:false, NextExpiry:3600711000000, Retained:3}
            	            	
            	            	Diff:
            	            	--- Expected
            	            	+++ Actual
            	            	@@ -19,6 +19,13 @@
            	            	   Exited: (bool) false,
            	            	-  UndoPossible: (bool) false,
            	            	+  UndoPossible: (bool) true,
            	            	   UndoEligible: (bool) false
            	            	  },
            	            	- Members: (map[uint64]struct {}) <nil>,
            	            	+ Members: (map[uint64]struct {}) (len=3) {
            	            	+  (uint64) 2: (struct {}) {
            	            	+  },
            	            	+  (uint64) 3: (struct {}) {
            	            	+  },
            	            	+  (uint64) 4: (struct {}) {
            	            	+  }
            	            	+ },
            	            	  Latest: (map[protocol.EncryptionLevel]protocol.PacketNumber) (len=1) {
            	Test:       	TestRecoveryEquivalenceScenarios/eviction_of_a_run's_first_endpoint_and_loss_of_an_evicted_outcome
            	Messages:   	dispatch state after operation 4100
--- FAIL: TestRecoveryEquivalenceHistories (2.93s)
    --- FAIL: TestRecoveryEquivalenceHistories/mixed_spaces,_probes,_skips,_invalid_registrations,_retained_pressure_and_resets (0.64s)
        recovery_twin_test.go:647: 
            	Error Trace:	/Volumes/worktrees/quic-go-fast/bbr-r9-memory-attribution/.local/bbr-r9-memory-attribution/src/gate-ring-m1/internal/ackhandler/recovery_twin_test.go:316
            	            				/Volumes/worktrees/quic-go-fast/bbr-r9-memory-attribution/.local/bbr-r9-memory-attribution/src/gate-ring-m1/internal/ackhandler/recovery_twin_test.go:106
            	            				/Volumes/worktrees/quic-go-fast/bbr-r9-memory-attribution/.local/bbr-r9-memory-attribution/src/gate-ring-m1/internal/ackhandler/recovery_twin_test.go:647
            	            				/Volumes/worktrees/quic-go-fast/bbr-r9-memory-attribution/.local/bbr-r9-memory-attribution/src/gate-ring-m1/internal/ackhandler/recovery_equivalence_test.go:430
            	Error:      	Not equal: 
            	            	expected: ackhandler.dispatchSummary{Ordinal:0x839e, PathGeneration:0x1, SampleGeneration:0x2, RegistrationTime:3608787062000, Live:4119, Count:4096, OutcomeEvicted:0x257e, Reported:0x0, Measured:true, Unconfirmed:false, NeedsAckFeedback:false, Episode:congestion.RecoveryEpisode{ID:0xa8, Boundary:0x739e, Pending:0, Active:true, Entered:false, Exited:false, UndoPossible:false, UndoEligible:false}, Members:map[uint64]struct {}(nil), Latest:map[protocol.EncryptionLevel]protocol.PacketNumber{0x4:25905}, Boundary:map[protocol.EncryptionLevel]protocol.PacketNumber{0x4:21726}, Delivered:0x10ed81e, Lost:0xb6da9b, DeliveredTime:3607757049000, SendOrigin:3607737193000, Outstanding:2906804, MinimumRTT:10000000, Evicted:0xa3, Expired:0x121, Missing:0x0, LimitedUntil:0x0, Limited:0x0, Stop:0x0, ApplicationExhausted:false, EvidenceLost:true, Originless:false, NextExpiry:0, Retained:0}
            	            	actual  : ackhandler.dispatchSummary{Ordinal:0x839e, PathGeneration:0x1, SampleGeneration:0x2, RegistrationTime:3608787062000, Live:4119, Count:4096, OutcomeEvicted:0x257e, Reported:0x0, Measured:true, Unconfirmed:false, NeedsAckFeedback:false, Episode:congestion.RecoveryEpisode{ID:0xa8, Boundary:0x739e, Pending:0, Active:true, Entered:false, Exited:false, UndoPossible:true, UndoEligible:false}, Members:map[uint64]struct {}{}, Latest:map[protocol.EncryptionLevel]protocol.PacketNumber{0x4:25905}, Boundary:map[protocol.EncryptionLevel]protocol.PacketNumber{0x4:21726}, Delivered:0x10ed81e, Lost:0xb6da9b, DeliveredTime:3607757049000, SendOrigin:3607737193000, Outstanding:2906804, MinimumRTT:10000000, Evicted:0xa3, Expired:0x121, Missing:0x0, LimitedUntil:0x0, Limited:0x0, Stop:0x0, ApplicationExhausted:false, EvidenceLost:true, Originless:false, NextExpiry:0, Retained:0}
            	            	
            	            	Diff:
            	            	--- Expected
            	            	+++ Actual
            	            	@@ -19,6 +19,7 @@
            	            	   Exited: (bool) false,
            	            	-  UndoPossible: (bool) false,
            	            	+  UndoPossible: (bool) true,
            	            	   UndoEligible: (bool) false
            	            	  },
            	            	- Members: (map[uint64]struct {}) <nil>,
            	            	+ Members: (map[uint64]struct {}) {
            	            	+ },
            	            	  Latest: (map[protocol.EncryptionLevel]protocol.PacketNumber) (len=1) {
            	Test:       	TestRecoveryEquivalenceHistories/mixed_spaces,_probes,_skips,_invalid_registrations,_retained_pressure_and_resets
            	Messages:   	dispatch state after operation 47795
    recovery_equivalence_test.go:447: 
        	Error Trace:	/Volumes/worktrees/quic-go-fast/bbr-r9-memory-attribution/.local/bbr-r9-memory-attribution/src/gate-ring-m1/internal/ackhandler/recovery_equivalence_test.go:447
        	Error:      	"0" is not positive
        	Test:       	TestRecoveryEquivalenceHistories
        	Messages:   	retained capacity evictions
FAIL
FAIL	github.com/quic-go/quic-go/internal/ackhandler	11.014s
ok  	github.com/quic-go/quic-go/internal/congestion	0.209s
FAIL
FAILED: go test ./internal/ackhandler/... ./internal/congestion/... -count=1
$ go test -race ./internal/ackhandler/ ./internal/congestion/ -count=1
--- FAIL: TestRecoveryEquivalenceScenarios (1.81s)
    --- FAIL: TestRecoveryEquivalenceScenarios/eviction_of_a_run's_first_endpoint_and_loss_of_an_evicted_outcome (0.17s)
        recovery_equivalence_test.go:46: 
            	Error Trace:	/Volumes/worktrees/quic-go-fast/bbr-r9-memory-attribution/.local/bbr-r9-memory-attribution/src/gate-ring-m1/internal/ackhandler/recovery_twin_test.go:316
            	            				/Volumes/worktrees/quic-go-fast/bbr-r9-memory-attribution/.local/bbr-r9-memory-attribution/src/gate-ring-m1/internal/ackhandler/recovery_twin_test.go:106
            	            				/Volumes/worktrees/quic-go-fast/bbr-r9-memory-attribution/.local/bbr-r9-memory-attribution/src/gate-ring-m1/internal/ackhandler/recovery_equivalence_test.go:46
            	            				/Volumes/worktrees/quic-go-fast/bbr-r9-memory-attribution/.local/bbr-r9-memory-attribution/src/gate-ring-m1/internal/ackhandler/recovery_equivalence_test.go:300
            	Error:      	Not equal: 
            	            	expected: ackhandler.dispatchSummary{Ordinal:0x1002, PathGeneration:0x0, SampleGeneration:0x1, RegistrationTime:3600411000000, Live:4094, Count:4096, OutcomeEvicted:0x2, Reported:0x0, Measured:true, Unconfirmed:true, NeedsAckFeedback:true, Episode:congestion.RecoveryEpisode{ID:0x1, Boundary:0x5, Pending:3, Active:true, Entered:false, Exited:false, UndoPossible:false, UndoEligible:false}, Members:map[uint64]struct {}(nil), Latest:map[protocol.EncryptionLevel]protocol.PacketNumber{0x4:4097}, Boundary:map[protocol.EncryptionLevel]protocol.PacketNumber{0x4:4}, Delivered:0x4b0, Lost:0xe10, DeliveredTime:3600010000000, SendOrigin:3600010000000, Outstanding:6000, MinimumRTT:10000000, Evicted:0x0, Expired:0x0, Missing:0x0, LimitedUntil:0x0, Limited:0x0, Stop:0x0, ApplicationExhausted:false, EvidenceLost:false, Originless:false, NextExpiry:3600711000000, Retained:3}
            	            	actual  : ackhandler.dispatchSummary{Ordinal:0x1002, PathGeneration:0x0, SampleGeneration:0x1, RegistrationTime:3600411000000, Live:4094, Count:4096, OutcomeEvicted:0x2, Reported:0x0, Measured:true, Unconfirmed:true, NeedsAckFeedback:true, Episode:congestion.RecoveryEpisode{ID:0x1, Boundary:0x5, Pending:3, Active:true, Entered:false, Exited:false, UndoPossible:true, UndoEligible:false}, Members:map[uint64]struct {}{0x2:struct {}{}, 0x3:struct {}{}, 0x4:struct {}{}}, Latest:map[protocol.EncryptionLevel]protocol.PacketNumber{0x4:4097}, Boundary:map[protocol.EncryptionLevel]protocol.PacketNumber{0x4:4}, Delivered:0x4b0, Lost:0xe10, DeliveredTime:3600010000000, SendOrigin:3600010000000, Outstanding:6000, MinimumRTT:10000000, Evicted:0x0, Expired:0x0, Missing:0x0, LimitedUntil:0x0, Limited:0x0, Stop:0x0, ApplicationExhausted:false, EvidenceLost:false, Originless:false, NextExpiry:3600711000000, Retained:3}
            	            	
            	            	Diff:
            	            	--- Expected
            	            	+++ Actual
            	            	@@ -19,6 +19,13 @@
            	            	   Exited: (bool) false,
            	            	-  UndoPossible: (bool) false,
            	            	+  UndoPossible: (bool) true,
            	            	   UndoEligible: (bool) false
            	            	  },
            	            	- Members: (map[uint64]struct {}) <nil>,
            	            	+ Members: (map[uint64]struct {}) (len=3) {
            	            	+  (uint64) 2: (struct {}) {
            	            	+  },
            	            	+  (uint64) 3: (struct {}) {
            	            	+  },
            	            	+  (uint64) 4: (struct {}) {
            	            	+  }
            	            	+ },
            	            	  Latest: (map[protocol.EncryptionLevel]protocol.PacketNumber) (len=1) {
            	Test:       	TestRecoveryEquivalenceScenarios/eviction_of_a_run's_first_endpoint_and_loss_of_an_evicted_outcome
            	Messages:   	dispatch state after operation 4100
--- FAIL: TestRecoveryEquivalenceHistories (49.41s)
    --- FAIL: TestRecoveryEquivalenceHistories/mixed_spaces,_probes,_skips,_invalid_registrations,_retained_pressure_and_resets (8.29s)
        recovery_twin_test.go:647: 
            	Error Trace:	/Volumes/worktrees/quic-go-fast/bbr-r9-memory-attribution/.local/bbr-r9-memory-attribution/src/gate-ring-m1/internal/ackhandler/recovery_twin_test.go:316
            	            				/Volumes/worktrees/quic-go-fast/bbr-r9-memory-attribution/.local/bbr-r9-memory-attribution/src/gate-ring-m1/internal/ackhandler/recovery_twin_test.go:106
            	            				/Volumes/worktrees/quic-go-fast/bbr-r9-memory-attribution/.local/bbr-r9-memory-attribution/src/gate-ring-m1/internal/ackhandler/recovery_twin_test.go:647
            	            				/Volumes/worktrees/quic-go-fast/bbr-r9-memory-attribution/.local/bbr-r9-memory-attribution/src/gate-ring-m1/internal/ackhandler/recovery_equivalence_test.go:430
            	Error:      	Not equal: 
            	            	expected: ackhandler.dispatchSummary{Ordinal:0x839e, PathGeneration:0x1, SampleGeneration:0x2, RegistrationTime:3608787062000, Live:4119, Count:4096, OutcomeEvicted:0x257e, Reported:0x0, Measured:true, Unconfirmed:false, NeedsAckFeedback:false, Episode:congestion.RecoveryEpisode{ID:0xa8, Boundary:0x739e, Pending:0, Active:true, Entered:false, Exited:false, UndoPossible:false, UndoEligible:false}, Members:map[uint64]struct {}(nil), Latest:map[protocol.EncryptionLevel]protocol.PacketNumber{0x4:25905}, Boundary:map[protocol.EncryptionLevel]protocol.PacketNumber{0x4:21726}, Delivered:0x10ed81e, Lost:0xb6da9b, DeliveredTime:3607757049000, SendOrigin:3607737193000, Outstanding:2906804, MinimumRTT:10000000, Evicted:0xa3, Expired:0x121, Missing:0x0, LimitedUntil:0x0, Limited:0x0, Stop:0x0, ApplicationExhausted:false, EvidenceLost:true, Originless:false, NextExpiry:0, Retained:0}
            	            	actual  : ackhandler.dispatchSummary{Ordinal:0x839e, PathGeneration:0x1, SampleGeneration:0x2, RegistrationTime:3608787062000, Live:4119, Count:4096, OutcomeEvicted:0x257e, Reported:0x0, Measured:true, Unconfirmed:false, NeedsAckFeedback:false, Episode:congestion.RecoveryEpisode{ID:0xa8, Boundary:0x739e, Pending:0, Active:true, Entered:false, Exited:false, UndoPossible:true, UndoEligible:false}, Members:map[uint64]struct {}{}, Latest:map[protocol.EncryptionLevel]protocol.PacketNumber{0x4:25905}, Boundary:map[protocol.EncryptionLevel]protocol.PacketNumber{0x4:21726}, Delivered:0x10ed81e, Lost:0xb6da9b, DeliveredTime:3607757049000, SendOrigin:3607737193000, Outstanding:2906804, MinimumRTT:10000000, Evicted:0xa3, Expired:0x121, Missing:0x0, LimitedUntil:0x0, Limited:0x0, Stop:0x0, ApplicationExhausted:false, EvidenceLost:true, Originless:false, NextExpiry:0, Retained:0}
            	            	
            	            	Diff:
            	            	--- Expected
            	            	+++ Actual
            	            	@@ -19,6 +19,7 @@
            	            	   Exited: (bool) false,
            	            	-  UndoPossible: (bool) false,
            	            	+  UndoPossible: (bool) true,
            	            	   UndoEligible: (bool) false
            	            	  },
            	            	- Members: (map[uint64]struct {}) <nil>,
            	            	+ Members: (map[uint64]struct {}) {
            	            	+ },
            	            	  Latest: (map[protocol.EncryptionLevel]protocol.PacketNumber) (len=1) {
            	Test:       	TestRecoveryEquivalenceHistories/mixed_spaces,_probes,_skips,_invalid_registrations,_retained_pressure_and_resets
            	Messages:   	dispatch state after operation 47795
    recovery_equivalence_test.go:447: 
        	Error Trace:	/Volumes/worktrees/quic-go-fast/bbr-r9-memory-attribution/.local/bbr-r9-memory-attribution/src/gate-ring-m1/internal/ackhandler/recovery_equivalence_test.go:447
        	Error:      	"0" is not positive
        	Test:       	TestRecoveryEquivalenceHistories
        	Messages:   	retained capacity evictions
FAIL
FAIL	github.com/quic-go/quic-go/internal/ackhandler	164.067s
ok  	github.com/quic-go/quic-go/internal/congestion	1.301s
FAIL
FAILED: go test -race ./internal/ackhandler/ ./internal/congestion/ -count=1
$ go test -tags bbrworkcount ./internal/ackhandler/ -count=1
--- FAIL: TestRecoveryEquivalenceScenarios (0.19s)
    --- FAIL: TestRecoveryEquivalenceScenarios/eviction_of_a_run's_first_endpoint_and_loss_of_an_evicted_outcome (0.02s)
        recovery_equivalence_test.go:46: 
            	Error Trace:	/Volumes/worktrees/quic-go-fast/bbr-r9-memory-attribution/.local/bbr-r9-memory-attribution/src/gate-ring-m1/internal/ackhandler/recovery_twin_test.go:316
            	            				/Volumes/worktrees/quic-go-fast/bbr-r9-memory-attribution/.local/bbr-r9-memory-attribution/src/gate-ring-m1/internal/ackhandler/recovery_twin_test.go:106
            	            				/Volumes/worktrees/quic-go-fast/bbr-r9-memory-attribution/.local/bbr-r9-memory-attribution/src/gate-ring-m1/internal/ackhandler/recovery_equivalence_test.go:46
            	            				/Volumes/worktrees/quic-go-fast/bbr-r9-memory-attribution/.local/bbr-r9-memory-attribution/src/gate-ring-m1/internal/ackhandler/recovery_equivalence_test.go:300
            	Error:      	Not equal: 
            	            	expected: ackhandler.dispatchSummary{Ordinal:0x1002, PathGeneration:0x0, SampleGeneration:0x1, RegistrationTime:3600411000000, Live:4094, Count:4096, OutcomeEvicted:0x2, Reported:0x0, Measured:true, Unconfirmed:true, NeedsAckFeedback:true, Episode:congestion.RecoveryEpisode{ID:0x1, Boundary:0x5, Pending:3, Active:true, Entered:false, Exited:false, UndoPossible:false, UndoEligible:false}, Members:map[uint64]struct {}(nil), Latest:map[protocol.EncryptionLevel]protocol.PacketNumber{0x4:4097}, Boundary:map[protocol.EncryptionLevel]protocol.PacketNumber{0x4:4}, Delivered:0x4b0, Lost:0xe10, DeliveredTime:3600010000000, SendOrigin:3600010000000, Outstanding:6000, MinimumRTT:10000000, Evicted:0x0, Expired:0x0, Missing:0x0, LimitedUntil:0x0, Limited:0x0, Stop:0x0, ApplicationExhausted:false, EvidenceLost:false, Originless:false, NextExpiry:3600711000000, Retained:3}
            	            	actual  : ackhandler.dispatchSummary{Ordinal:0x1002, PathGeneration:0x0, SampleGeneration:0x1, RegistrationTime:3600411000000, Live:4094, Count:4096, OutcomeEvicted:0x2, Reported:0x0, Measured:true, Unconfirmed:true, NeedsAckFeedback:true, Episode:congestion.RecoveryEpisode{ID:0x1, Boundary:0x5, Pending:3, Active:true, Entered:false, Exited:false, UndoPossible:true, UndoEligible:false}, Members:map[uint64]struct {}{0x2:struct {}{}, 0x3:struct {}{}, 0x4:struct {}{}}, Latest:map[protocol.EncryptionLevel]protocol.PacketNumber{0x4:4097}, Boundary:map[protocol.EncryptionLevel]protocol.PacketNumber{0x4:4}, Delivered:0x4b0, Lost:0xe10, DeliveredTime:3600010000000, SendOrigin:3600010000000, Outstanding:6000, MinimumRTT:10000000, Evicted:0x0, Expired:0x0, Missing:0x0, LimitedUntil:0x0, Limited:0x0, Stop:0x0, ApplicationExhausted:false, EvidenceLost:false, Originless:false, NextExpiry:3600711000000, Retained:3}
            	            	
            	            	Diff:
            	            	--- Expected
            	            	+++ Actual
            	            	@@ -19,6 +19,13 @@
            	            	   Exited: (bool) false,
            	            	-  UndoPossible: (bool) false,
            	            	+  UndoPossible: (bool) true,
            	            	   UndoEligible: (bool) false
            	            	  },
            	            	- Members: (map[uint64]struct {}) <nil>,
            	            	+ Members: (map[uint64]struct {}) (len=3) {
            	            	+  (uint64) 2: (struct {}) {
            	            	+  },
            	            	+  (uint64) 3: (struct {}) {
            	            	+  },
            	            	+  (uint64) 4: (struct {}) {
            	            	+  }
            	            	+ },
            	            	  Latest: (map[protocol.EncryptionLevel]protocol.PacketNumber) (len=1) {
            	Test:       	TestRecoveryEquivalenceScenarios/eviction_of_a_run's_first_endpoint_and_loss_of_an_evicted_outcome
            	Messages:   	dispatch state after operation 4100
--- FAIL: TestRecoveryEquivalenceHistories (2.92s)
    --- FAIL: TestRecoveryEquivalenceHistories/mixed_spaces,_probes,_skips,_invalid_registrations,_retained_pressure_and_resets (0.63s)
        recovery_twin_test.go:647: 
            	Error Trace:	/Volumes/worktrees/quic-go-fast/bbr-r9-memory-attribution/.local/bbr-r9-memory-attribution/src/gate-ring-m1/internal/ackhandler/recovery_twin_test.go:316
            	            				/Volumes/worktrees/quic-go-fast/bbr-r9-memory-attribution/.local/bbr-r9-memory-attribution/src/gate-ring-m1/internal/ackhandler/recovery_twin_test.go:106
            	            				/Volumes/worktrees/quic-go-fast/bbr-r9-memory-attribution/.local/bbr-r9-memory-attribution/src/gate-ring-m1/internal/ackhandler/recovery_twin_test.go:647
            	            				/Volumes/worktrees/quic-go-fast/bbr-r9-memory-attribution/.local/bbr-r9-memory-attribution/src/gate-ring-m1/internal/ackhandler/recovery_equivalence_test.go:430
            	Error:      	Not equal: 
            	            	expected: ackhandler.dispatchSummary{Ordinal:0x839e, PathGeneration:0x1, SampleGeneration:0x2, RegistrationTime:3608787062000, Live:4119, Count:4096, OutcomeEvicted:0x257e, Reported:0x0, Measured:true, Unconfirmed:false, NeedsAckFeedback:false, Episode:congestion.RecoveryEpisode{ID:0xa8, Boundary:0x739e, Pending:0, Active:true, Entered:false, Exited:false, UndoPossible:false, UndoEligible:false}, Members:map[uint64]struct {}(nil), Latest:map[protocol.EncryptionLevel]protocol.PacketNumber{0x4:25905}, Boundary:map[protocol.EncryptionLevel]protocol.PacketNumber{0x4:21726}, Delivered:0x10ed81e, Lost:0xb6da9b, DeliveredTime:3607757049000, SendOrigin:3607737193000, Outstanding:2906804, MinimumRTT:10000000, Evicted:0xa3, Expired:0x121, Missing:0x0, LimitedUntil:0x0, Limited:0x0, Stop:0x0, ApplicationExhausted:false, EvidenceLost:true, Originless:false, NextExpiry:0, Retained:0}
            	            	actual  : ackhandler.dispatchSummary{Ordinal:0x839e, PathGeneration:0x1, SampleGeneration:0x2, RegistrationTime:3608787062000, Live:4119, Count:4096, OutcomeEvicted:0x257e, Reported:0x0, Measured:true, Unconfirmed:false, NeedsAckFeedback:false, Episode:congestion.RecoveryEpisode{ID:0xa8, Boundary:0x739e, Pending:0, Active:true, Entered:false, Exited:false, UndoPossible:true, UndoEligible:false}, Members:map[uint64]struct {}{}, Latest:map[protocol.EncryptionLevel]protocol.PacketNumber{0x4:25905}, Boundary:map[protocol.EncryptionLevel]protocol.PacketNumber{0x4:21726}, Delivered:0x10ed81e, Lost:0xb6da9b, DeliveredTime:3607757049000, SendOrigin:3607737193000, Outstanding:2906804, MinimumRTT:10000000, Evicted:0xa3, Expired:0x121, Missing:0x0, LimitedUntil:0x0, Limited:0x0, Stop:0x0, ApplicationExhausted:false, EvidenceLost:true, Originless:false, NextExpiry:0, Retained:0}
            	            	
            	            	Diff:
            	            	--- Expected
            	            	+++ Actual
            	            	@@ -19,6 +19,7 @@
            	            	   Exited: (bool) false,
            	            	-  UndoPossible: (bool) false,
            	            	+  UndoPossible: (bool) true,
            	            	   UndoEligible: (bool) false
            	            	  },
            	            	- Members: (map[uint64]struct {}) <nil>,
            	            	+ Members: (map[uint64]struct {}) {
            	            	+ },
            	            	  Latest: (map[protocol.EncryptionLevel]protocol.PacketNumber) (len=1) {
            	Test:       	TestRecoveryEquivalenceHistories/mixed_spaces,_probes,_skips,_invalid_registrations,_retained_pressure_and_resets
            	Messages:   	dispatch state after operation 47795
    recovery_equivalence_test.go:447: 
        	Error Trace:	/Volumes/worktrees/quic-go-fast/bbr-r9-memory-attribution/.local/bbr-r9-memory-attribution/src/gate-ring-m1/internal/ackhandler/recovery_equivalence_test.go:447
        	Error:      	"0" is not positive
        	Test:       	TestRecoveryEquivalenceHistories
        	Messages:   	retained capacity evictions
FAIL
FAIL	github.com/quic-go/quic-go/internal/ackhandler	11.171s
FAIL
FAILED: go test -tags bbrworkcount ./internal/ackhandler/ -count=1
$ go test . -run BBR|Emission|Credit|Delivery|ECN|Continuation|Pacing|Capability -count=1
ok  	github.com/quic-go/quic-go	0.697s
$ go test -race . -run BBR|Emission|Credit|Delivery|ECN|Continuation|Pacing|Capability -count=1
ok  	github.com/quic-go/quic-go	5.285s
$ sh -c out=$(mktemp); go test . -count=1 -v >"$out" 2>&1; s=$?; grep -E "^(--- FAIL|FAIL|ok|panic)" "$out"; grep -cE "^--- PASS" "$out" | sed "s/$/ top-level PASS/"; grep -cE "^--- SKIP" "$out" | sed "s/$/ top-level SKIP/"; rm -f "$out"; exit $s
ok  	github.com/quic-go/quic-go	1.844s
659 top-level PASS
7 top-level SKIP
# status 1
