Linux 7.0.0-30-generic (minimax) 	09/06/26 	_x86_64_	(32 CPU)

19:11:29     CPU    %usr   %nice    %sys %iowait    %irq   %soft  %steal  %guest  %gnice   %idle
19:11:30     all    0.00    0.00    0.03    0.00    0.00    0.00    0.00    0.00    0.00   99.97
19:11:30       0    0.00    0.00    0.00    0.00    0.00    0.00    0.00    0.00    0.00  100.00
19:11:30       1    0.00    0.00    0.00    0.00    0.00    0.00    0.00    0.00    0.00  100.00
19:11:30       2    0.00    0.00    0.00    0.00    0.00    0.00    0.00    0.00    0.00  100.00
19:11:30       3    0.00    0.00    0.00    0.00    0.00    0.00    0.00    0.00    0.00  100.00
19:11:30       4    0.00    0.00    0.00    0.00    0.00    0.00    0.00    0.00    0.00  100.00
19:11:30       5    0.00    0.00    0.00    0.00    0.00    0.00    0.00    0.00    0.00  100.00
19:11:30       6    0.00    0.00    0.00    0.00    0.00    0.00    0.00    0.00    0.00  100.00
19:11:30       7    0.00    0.00    0.00    0.00    0.00    0.00    0.00    0.00    0.00  100.00
19:11:30       8    0.00    0.00    0.00    0.00    0.00    0.00    0.00    0.00    0.00  100.00
19:11:30       9    0.00    0.00    0.00    0.00    0.00    0.00    0.00    0.00    0.00  100.00
19:11:30      10    0.00    0.00    0.00    0.00    0.00    0.00    0.00    0.00    0.00  100.00
19:11:30      11    0.00    0.00    0.00    0.00    0.00    0.00    0.00    0.00    0.00  100.00
19:11:30      12    0.00    0.00    0.00    0.00    0.00    0.00    0.00    0.00    0.00  100.00
19:11:30      13    0.00    0.00    0.00    0.00    0.00    0.00    0.00    0.00    0.00  100.00
19:11:30      14    0.00    0.00    0.00    0.00    0.00    0.00    0.00    0.00    0.00  100.00
19:11:30      15    0.00    0.00    0.00    0.00    0.00    0.00    0.00    0.00    0.00  100.00
19:11:30      16    0.00    0.00    1.00    0.00    0.00    0.00    0.00    0.00    0.00   99.00
19:11:30      17    0.00    0.00    0.00    0.00    0.00    0.00    0.00    0.00    0.00  100.00
19:11:30      18    0.00    0.00    0.00    0.00    0.00    0.00    0.00    0.00    0.00  100.00
19:11:30      19    0.00    0.00    0.00    0.00    0.00    0.00    0.00    0.00    0.00  100.00
19:11:30      20    0.00    0.00    0.00    0.00    0.00    0.00    0.00    0.00    0.00  100.00
19:11:30      21    0.00    0.00    0.00    0.00    0.00    0.00    0.00    0.00    0.00  100.00
19:11:30      22    0.00    0.00    0.00    0.00    0.00    0.00    0.00    0.00    0.00  100.00
19:11:30      23    0.00    0.00    0.00    0.00    0.00    0.00    0.00    0.00    0.00  100.00
19:11:30      24    0.00    0.00    0.00    0.00    0.00    0.00    0.00    0.00    0.00  100.00
19:11:30      25    0.00    0.00    0.00    0.00    0.00    0.00    0.00    0.00    0.00  100.00
19:11:30      26    0.00    0.00    0.00    0.00    0.00    0.00    0.00    0.00    0.00  100.00
19:11:30      27    0.00    0.00    0.00    0.00    0.00    0.00    0.00    0.00    0.00  100.00
19:11:30      28    0.00    0.00    0.00    0.00    0.00    0.00    0.00    0.00    0.00  100.00
19:11:30      29    0.00    0.00    0.00    0.00    0.00    0.00    0.00    0.00    0.00  100.00
19:11:30      30    0.00    0.00    0.00    0.00    0.00    0.00    0.00    0.00    0.00  100.00
19:11:30      31    0.00    0.00    0.00    0.00    0.00    0.00    0.00    0.00    0.00  100.00

19:11:30     CPU    %usr   %nice    %sys %iowait    %irq   %soft  %steal  %guest  %gnice   %idle
19:11:31     all    0.00    0.00    0.03    0.00    0.00    0.00    0.00    0.00    0.00   99.97
19:11:31       0    0.00    0.00    0.00    0.00    0.00    0.00    0.00    0.00    0.00  100.00
19:11:31       1    0.00    0.00    0.00    0.00    0.00    0.00    0.00    0.00    0.00  100.00
19:11:31       2    0.00    0.00    0.00    0.00    0.00    0.00    0.00    0.00    0.00  100.00
19:11:31       3    0.00    0.00    1.00    0.00    0.00    0.00    0.00    0.00    0.00   99.00
19:11:31       4    0.00    0.00    0.00    0.00    0.00    0.00    0.00    0.00    0.00  100.00
19:11:31       5    0.00    0.00    0.00    0.00    0.00    0.00    0.00    0.00    0.00  100.00
19:11:31       6    0.00    0.00    0.00    0.00    0.00    0.00    0.00    0.00    0.00  100.00
19:11:31       7    0.00    0.00    0.00    0.00    0.00    0.00    0.00    0.00    0.00  100.00
19:11:31       8    0.00    0.00    0.00    0.00    0.00    0.00    0.00    0.00    0.00  100.00
19:11:31       9    0.00    0.00    0.00    0.00    0.00    0.00    0.00    0.00    0.00  100.00
19:11:31      10    0.00    0.00    0.00    0.00    0.00    0.00    0.00    0.00    0.00  100.00
19:11:31      11    0.00    0.00    0.00    0.00    0.00    0.00    0.00    0.00    0.00  100.00
19:11:31      12    0.00    0.00    0.00    0.00    0.00    0.00    0.00    0.00    0.00  100.00
19:11:31      13    0.00    0.00    0.00    0.00    0.00    0.00    0.00    0.00    0.00  100.00
19:11:31      14    0.00    0.00    0.00    0.00    0.00    0.00    0.00    0.00    0.00  100.00
19:11:31      15    0.00    0.00    0.00    0.00    0.00    0.00    0.00    0.00    0.00  100.00
19:11:31      16    0.00    0.00    0.00    0.00    0.00    0.00    0.00    0.00    0.00  100.00
19:11:31      17    0.00    0.00    0.00    0.00    0.00    0.00    0.00    0.00    0.00  100.00
19:11:31      18    0.00    0.00    0.00    0.00    0.00    0.00    0.00    0.00    0.00  100.00
19:11:31      19    0.00    0.00    0.00    0.00    0.00    0.00    0.00    0.00    0.00  100.00
19:11:31      20    0.00    0.00    0.00    0.00    0.00    0.00    0.00    0.00    0.00  100.00
19:11:31      21    0.00    0.00    0.00    0.00    0.00    0.00    0.00    0.00    0.00  100.00
19:11:31      22    0.00    0.00    0.00    0.00    0.00    0.00    0.00    0.00    0.00  100.00
19:11:31      23    0.00    0.00    0.00    0.00    0.00    0.00    0.00    0.00    0.00  100.00
19:11:31      24    0.00    0.00    0.00    0.00    0.00    0.00    0.00    0.00    0.00  100.00
19:11:31      25    0.00    0.00    0.00    0.00    0.00    0.00    0.00    0.00    0.00  100.00
19:11:31      26    0.00    0.00    0.00    0.00    0.00    0.00    0.00    0.00    0.00  100.00
19:11:31      27    0.00    0.00    0.00    0.00    0.00    0.00    0.00    0.00    0.00  100.00
19:11:31      28    0.00    0.00    0.00    0.00    0.00    0.00    0.00    0.00    0.00  100.00
19:11:31      29    0.00    0.00    0.00    0.00    0.00    0.00    0.00    0.00    0.00  100.00
19:11:31      30    0.00    0.00    0.00    0.00    0.00    0.00    0.00    0.00    0.00  100.00
19:11:31      31    0.00    0.00    0.00    0.00    0.00    0.00    0.00    0.00    0.00  100.00

19:11:31     CPU    %usr   %nice    %sys %iowait    %irq   %soft  %steal  %guest  %gnice   %idle
19:11:32     all    0.00    0.00    0.03    0.00    0.00    0.00    0.00    0.00    0.00   99.97
19:11:32       0    0.00    0.00    0.00    0.00    0.00    0.00    0.00    0.00    0.00  100.00
19:11:32       1    0.00    0.00    0.99    0.00    0.00    0.00    0.00    0.00    0.00   99.01
19:11:32       2    0.00    0.00    0.00    0.00    0.00    0.00    0.00    0.00    0.00  100.00
19:11:32       3    0.00    0.00    0.00    0.00    0.00    0.00    0.00    0.00    0.00  100.00
19:11:32       4    0.00    0.00    0.00    0.00    0.00    0.00    0.00    0.00    0.00  100.00
19:11:32       5    0.00    0.00    0.00    0.00    0.00    0.00    0.00    0.00    0.00  100.00
19:11:32       6    0.00    0.00    0.00    0.00    0.00    0.00    0.00    0.00    0.00  100.00
19:11:32       7    0.00    0.00    0.00    0.00    0.00    0.00    0.00    0.00    0.00  100.00
19:11:32       8    0.00    0.00    0.00    0.00    0.00    0.00    0.00    0.00    0.00  100.00
19:11:32       9    0.00    0.00    0.00    0.00    0.00    0.00    0.00    0.00    0.00  100.00
19:11:32      10    0.00    0.00    0.00    0.00    0.00    0.00    0.00    0.00    0.00  100.00
19:11:32      11    0.00    0.00    0.00    0.00    0.00    0.00    0.00    0.00    0.00  100.00
19:11:32      12    0.00    0.00    0.00    0.00    0.00    0.00    0.00    0.00    0.00  100.00
19:11:32      13    0.00    0.00    0.00    0.00    0.00    0.00    0.00    0.00    0.00  100.00
19:11:32      14    0.00    0.00    0.00    0.00    0.00    0.00    0.00    0.00    0.00  100.00
19:11:32      15    0.00    0.00    0.00    0.00    0.00    0.00    0.00    0.00    0.00  100.00
19:11:32      16    0.00    0.00    0.00    0.00    0.00    0.00    0.00    0.00    0.00  100.00
19:11:32      17    0.00    0.00    0.00    0.00    0.00    0.00    0.00    0.00    0.00  100.00
19:11:32      18    0.00    0.00    0.00    0.00    0.00    0.00    0.00    0.00    0.00  100.00
19:11:32      19    0.00    0.00    0.00    0.00    0.00    0.00    0.00    0.00    0.00  100.00
19:11:32      20    0.00    0.00    0.00    0.00    0.00    0.00    0.00    0.00    0.00  100.00
19:11:32      21    0.00    0.00    0.00    0.00    0.00    0.00    0.00    0.00    0.00  100.00
19:11:32      22    0.00    0.00    0.00    0.00    0.00    0.00    0.00    0.00    0.00  100.00
19:11:32      23    0.00    0.00    0.00    0.00    0.00    0.00    0.00    0.00    0.00  100.00
19:11:32      24    0.00    0.00    0.00    0.00    0.00    0.00    0.00    0.00    0.00  100.00
19:11:32      25    0.00    0.00    0.00    0.00    0.00    0.00    0.00    0.00    0.00  100.00
19:11:32      26    0.00    0.00    0.00    0.00    0.00    0.00    0.00    0.00    0.00  100.00
19:11:32      27    0.00    0.00    0.00    0.00    0.00    0.00    0.00    0.00    0.00  100.00
19:11:32      28    0.00    0.00    0.00    0.00    0.00    0.00    0.00    0.00    0.00  100.00
19:11:32      29    0.00    0.00    0.00    0.00    0.00    0.00    0.00    0.00    0.00  100.00
19:11:32      30    0.00    0.00    0.00    0.00    0.00    0.00    0.00    0.00    0.00  100.00
19:11:32      31    0.00    0.00    0.00    0.00    0.00    0.00    0.00    0.00    0.00  100.00

19:11:32     CPU    %usr   %nice    %sys %iowait    %irq   %soft  %steal  %guest  %gnice   %idle
19:11:33     all    0.59    0.00    0.09    0.00    0.00    0.00    0.00    0.00    0.00   99.31
19:11:33       0    0.00    0.00    0.00    0.00    0.00    0.00    0.00    0.00    0.00  100.00
19:11:33       1    0.00    0.00    0.00    0.00    0.00    0.00    0.00    0.00    0.00  100.00
19:11:33       2    0.00    0.00    0.00    0.00    0.00    0.00    0.00    0.00    0.00  100.00
19:11:33       3    0.00    0.00    0.00    0.00    0.00    0.00    0.00    0.00    0.00  100.00
19:11:33       4    1.00    0.00    0.00    0.00    0.00    0.00    0.00    0.00    0.00   99.00
19:11:33       5    0.00    0.00    0.00    0.00    0.00    0.00    0.00    0.00    0.00  100.00
19:11:33       6    0.00    0.00    0.00    0.00    0.00    0.00    0.00    0.00    0.00  100.00
19:11:33       7    0.00    0.00    0.00    0.00    0.00    0.00    0.00    0.00    0.00  100.00
19:11:33       8    0.00    0.00    0.00    0.00    0.00    0.00    0.00    0.00    0.00  100.00
19:11:33       9   16.00    0.00    1.00    0.00    0.00    0.00    0.00    0.00    0.00   83.00
19:11:33      10    0.00    0.00    0.00    0.00    0.00    0.00    0.00    0.00    0.00  100.00
19:11:33      11    0.00    0.00    0.00    0.00    0.00    0.00    0.00    0.00    0.00  100.00
19:11:33      12    0.00    0.00    0.00    0.00    0.00    0.00    0.00    0.00    0.00  100.00
19:11:33      13    0.00    0.00    0.00    0.00    0.00    0.00    0.00    0.00    0.00  100.00
19:11:33      14    0.00    0.00    0.00    0.00    0.00    0.00    0.00    0.00    0.00  100.00
19:11:33      15    0.00    0.00    0.00    0.00    0.00    0.00    0.00    0.00    0.00  100.00
19:11:33      16    0.00    0.00    0.00    0.00    0.00    0.00    0.00    0.00    0.00  100.00
19:11:33      17    0.00    0.00    0.00    0.00    0.00    0.00    0.00    0.00    0.00  100.00
19:11:33      18    0.00    0.00    0.00    0.00    0.00    0.00    0.00    0.00    0.00  100.00
19:11:33      19    1.00    0.00    1.00    0.00    0.00    0.00    0.00    0.00    0.00   98.00
19:11:33      20    0.00    0.00    0.00    0.00    0.00    0.00    0.00    0.00    0.00  100.00
19:11:33      21    0.99    0.00    0.99    0.00    0.00    0.00    0.00    0.00    0.00   98.02
19:11:33      22    0.00    0.00    0.00    0.00    0.00    0.00    0.00    0.00    0.00  100.00
19:11:33      23    0.00    0.00    0.00    0.00    0.00    0.00    0.00    0.00    0.00  100.00
19:11:33      24    0.00    0.00    0.00    0.00    0.00    0.00    0.00    0.00    0.00  100.00
19:11:33      25    0.00    0.00    0.00    0.00    0.00    0.00    0.00    0.00    0.00  100.00
19:11:33      26    0.00    0.00    0.00    0.00    0.00    0.00    0.00    0.00    0.00  100.00
19:11:33      27    0.00    0.00    0.00    0.00    0.00    0.00    0.00    0.00    0.00  100.00
19:11:33      28    0.00    0.00    0.00    0.00    0.00    0.00    0.00    0.00    0.00  100.00
19:11:33      29    0.00    0.00    0.00    0.00    0.00    0.00    0.00    0.00    0.00  100.00
19:11:33      30    0.00    0.00    0.00    0.00    0.00    0.00    0.00    0.00    0.00  100.00
19:11:33      31    0.00    0.00    0.00    0.00    0.00    0.00    0.00    0.00    0.00  100.00

19:11:33     CPU    %usr   %nice    %sys %iowait    %irq   %soft  %steal  %guest  %gnice   %idle
19:11:34     all    0.66    0.00    0.03    0.00    0.00    0.00    0.00    0.00    0.00   99.31
19:11:34       0    1.00    0.00    0.00    0.00    0.00    0.00    0.00    0.00    0.00   99.00
19:11:34       1    0.00    0.00    0.00    0.00    0.00    0.00    0.00    0.00    0.00  100.00
19:11:34       2    0.00    0.00    0.00    0.00    0.00    0.00    0.00    0.00    0.00  100.00
19:11:34       3    0.00    0.00    0.00    0.00    0.00    0.00    0.00    0.00    0.00  100.00
19:11:34       4    0.00    0.00    0.00    0.00    0.00    0.00    0.00    0.00    0.00  100.00
19:11:34       5    0.00    0.00    0.00    0.00    0.00    0.00    0.00    0.00    0.00  100.00
19:11:34       6    0.00    0.00    0.00    0.00    0.00    0.00    0.00    0.00    0.00  100.00
19:11:34       7    0.00    0.00    0.00    0.00    0.00    0.00    0.00    0.00    0.00  100.00
19:11:34       8    1.00    0.00    0.00    0.00    0.00    0.00    0.00    0.00    0.00   99.00
19:11:34       9   16.00    0.00    1.00    0.00    0.00    0.00    0.00    0.00    0.00   83.00
19:11:34      10    0.00    0.00    0.00    0.00    0.00    0.00    0.00    0.00    0.00  100.00
19:11:34      11    0.00    0.00    0.00    0.00    0.00    0.00    0.00    0.00    0.00  100.00
19:11:34      12    0.00    0.00    0.00    0.00    0.00    0.00    0.00    0.00    0.00  100.00
19:11:34      13    0.00    0.00    0.00    0.00    0.00    0.00    0.00    0.00    0.00  100.00
19:11:34      14    0.00    0.00    0.00    0.00    0.00    0.00    0.00    0.00    0.00  100.00
19:11:34      15    0.00    0.00    0.00    0.00    0.00    0.00    0.00    0.00    0.00  100.00
19:11:34      16    0.00    0.00    0.00    0.00    0.00    0.00    0.00    0.00    0.00  100.00
19:11:34      17    0.00    0.00    0.00    0.00    0.00    0.00    0.00    0.00    0.00  100.00
19:11:34      18    0.00    0.00    0.00    0.00    0.00    0.00    0.00    0.00    0.00  100.00
19:11:34      19    2.00    0.00    0.00    0.00    0.00    0.00    0.00    0.00    0.00   98.00
19:11:34      20    0.00    0.00    0.00    0.00    0.00    0.00    0.00    0.00    0.00  100.00
19:11:34      21    0.00    0.00    0.00    0.00    0.00    0.00    0.00    0.00    0.00  100.00
19:11:34      22    1.01    0.00    0.00    0.00    0.00    0.00    0.00    0.00    0.00   98.99
19:11:34      23    0.00    0.00    0.00    0.00    0.00    0.00    0.00    0.00    0.00  100.00
19:11:34      24    0.00    0.00    0.00    0.00    0.00    0.00    0.00    0.00    0.00  100.00
19:11:34      25    0.00    0.00    0.00    0.00    0.00    0.00    0.00    0.00    0.00  100.00
19:11:34      26    0.00    0.00    0.00    0.00    0.00    0.00    0.00    0.00    0.00  100.00
19:11:34      27    0.00    0.00    0.00    0.00    0.00    0.00    0.00    0.00    0.00  100.00
19:11:34      28    0.00    0.00    0.00    0.00    0.00    0.00    0.00    0.00    0.00  100.00
19:11:34      29    0.00    0.00    0.00    0.00    0.00    0.00    0.00    0.00    0.00  100.00
19:11:34      30    0.00    0.00    0.00    0.00    0.00    0.00    0.00    0.00    0.00  100.00
19:11:34      31    0.00    0.00    0.00    0.00    0.00    0.00    0.00    0.00    0.00  100.00

19:11:34     CPU    %usr   %nice    %sys %iowait    %irq   %soft  %steal  %guest  %gnice   %idle
19:11:35     all    0.53    0.00    0.44    0.00    0.00    0.00    0.00    0.00    0.00   99.03
19:11:35       0    1.01    0.00    0.00    0.00    0.00    0.00    0.00    0.00    0.00   98.99
19:11:35       1    0.99    0.00    0.00    0.00    0.00    0.00    0.00    0.00    0.00   99.01
19:11:35       2    0.00    0.00    0.00    0.00    0.00    0.00    0.00    0.00    0.00  100.00
19:11:35       3    3.00    0.00    1.00    0.00    0.00    0.00    0.00    0.00    0.00   96.00
19:11:35       4    0.00    0.00    0.00    0.00    0.00    0.00    0.00    0.00    0.00  100.00
19:11:35       5    0.00    0.00    0.00    0.00    0.00    0.00    0.00    0.00    0.00  100.00
19:11:35       6    0.00    0.00    0.00    0.00    0.00    0.00    0.00    0.00    0.00  100.00
19:11:35       7    0.00    0.00    1.00    0.00    0.00    0.00    0.00    0.00    0.00   99.00
19:11:35       8    1.01    0.00    0.00    0.00    0.00    0.00    0.00    0.00    0.00   98.99
19:11:35       9    1.01    0.00    0.00    0.00    0.00    0.00    0.00    0.00    0.00   98.99
19:11:35      10    9.00    0.00   12.00    0.00    0.00    0.00    0.00    0.00    0.00   79.00
19:11:35      11    0.00    0.00    0.00    0.00    0.00    0.00    0.00    0.00    0.00  100.00
19:11:35      12    0.00    0.00    0.00    0.00    0.00    0.00    0.00    0.00    0.00  100.00
19:11:35      13    0.00    0.00    0.00    0.00    0.00    0.00    0.00    0.00    0.00  100.00
19:11:35      14    0.00    0.00    0.00    0.00    0.00    0.00    0.00    0.00    0.00  100.00
19:11:35      15    0.00    0.00    0.00    0.00    0.00    0.00    0.00    0.00    0.00  100.00
19:11:35      16    0.00    0.00    0.00    0.00    0.00    0.00    0.00    0.00    0.00  100.00
19:11:35      17    0.00    0.00    0.00    0.00    0.00    0.00    0.00    0.00    0.00  100.00
19:11:35      18    0.00    0.00    0.00    0.00    0.00    0.00    0.00    0.00    0.00  100.00
19:11:35      19    0.00    0.00    0.00    0.00    0.00    0.00    0.00    0.00    0.00  100.00
19:11:35      20    0.99    0.00    0.00    0.00    0.00    0.00    0.00    0.00    0.00   99.01
19:11:35      21    0.00    0.00    0.00    0.00    0.00    0.00    0.00    0.00    0.00  100.00
19:11:35      22    0.00    0.00    0.00    0.00    0.00    0.00    0.00    0.00    0.00  100.00
19:11:35      23    0.00    0.00    0.00    0.00    0.00    0.00    0.00    0.00    0.00  100.00
19:11:35      24    0.00    0.00    0.00    0.00    0.00    0.00    0.00    0.00    0.00  100.00
19:11:35      25    0.00    0.00    0.00    0.00    0.00    0.00    0.00    0.00    0.00  100.00
19:11:35      26    0.00    0.00    0.00    0.00    0.00    0.00    0.00    0.00    0.00  100.00
19:11:35      27    0.00    0.00    0.00    0.00    0.00    0.00    0.00    0.00    0.00  100.00
19:11:35      28    0.00    0.00    0.00    0.00    0.00    0.00    0.00    0.00    0.00  100.00
19:11:35      29    0.00    0.00    0.00    0.00    0.00    0.00    0.00    0.00    0.00  100.00
19:11:35      30    0.00    0.00    0.00    0.00    0.00    0.00    0.00    0.00    0.00  100.00
19:11:35      31    0.00    0.00    0.00    0.00    0.00    0.00    0.00    0.00    0.00  100.00

19:11:35     CPU    %usr   %nice    %sys %iowait    %irq   %soft  %steal  %guest  %gnice   %idle
19:11:36     all    0.28    0.00    0.44    0.00    0.00    0.00    0.00    0.00    0.00   99.28
19:11:36       0    0.00    0.00    0.00    0.00    0.00    0.00    0.00    0.00    0.00  100.00
19:11:36       1    1.00    0.00    1.00    0.00    0.00    0.00    0.00    0.00    0.00   98.00
19:11:36       2    0.00    0.00    0.00    0.00    0.00    0.00    0.00    0.00    0.00  100.00
19:11:36       3    1.00    0.00    0.00    0.00    0.00    0.00    0.00    0.00    0.00   99.00
19:11:36       4    0.00    0.00    1.00    0.00    0.00    0.00    0.00    0.00    0.00   99.00
19:11:36       5    0.00    0.00    0.00    0.00    0.00    0.00    0.00    0.00    0.00  100.00
19:11:36       6    0.00    0.00    0.00    0.00    0.00    0.00    0.00    0.00    0.00  100.00
19:11:36       7    1.00    0.00    0.00    0.00    0.00    0.00    0.00    0.00    0.00   99.00
19:11:36       8    0.00    0.00    0.99    0.00    0.00    0.00    0.00    0.00    0.00   99.01
19:11:36       9    1.00    0.00    1.00    0.00    0.00    0.00    0.00    0.00    0.00   98.00
19:11:36      10    4.00    0.00    8.00    0.00    0.00    0.00    0.00    0.00    0.00   88.00
19:11:36      11    0.00    0.00    0.00    0.00    0.00    0.00    0.00    0.00    0.00  100.00
19:11:36      12    0.00    0.00    0.00    0.00    0.00    0.00    0.00    0.00    0.00  100.00
19:11:36      13    0.00    0.00    0.00    0.00    0.00    0.00    0.00    0.00    0.00  100.00
19:11:36      14    0.00    0.00    0.00    0.00    0.00    0.00    0.00    0.00    0.00  100.00
19:11:36      15    0.00    0.00    0.00    0.00    0.00    0.00    0.00    0.00    0.00  100.00
19:11:36      16    0.00    0.00    0.00    0.00    0.00    0.00    0.00    0.00    0.00  100.00
19:11:36      17    0.00    0.00    0.00    0.00    0.00    0.00    0.00    0.00    0.00  100.00
19:11:36      18    0.00    0.00    0.00    0.00    0.00    0.00    0.00    0.00    0.00  100.00
19:11:36      19    1.00    0.00    1.00    0.00    0.00    0.00    0.00    0.00    0.00   98.00
19:11:36      20    0.00    0.00    0.99    0.00    0.00    0.00    0.00    0.00    0.00   99.01
19:11:36      21    0.00    0.00    0.00    0.00    0.00    0.00    0.00    0.00    0.00  100.00
19:11:36      22    0.00    0.00    0.00    0.00    0.00    0.00    0.00    0.00    0.00  100.00
19:11:36      23    0.00    0.00    0.00    0.00    0.00    0.00    0.00    0.00    0.00  100.00
19:11:36      24    0.00    0.00    0.00    0.00    0.00    0.00    0.00    0.00    0.00  100.00
19:11:36      25    0.00    0.00    0.00    0.00    0.00    0.00    0.00    0.00    0.00  100.00
19:11:36      26    0.00    0.00    0.00    0.00    0.00    0.00    0.00    0.00    0.00  100.00
19:11:36      27    0.00    0.00    0.00    0.00    0.00    0.00    0.00    0.00    0.00  100.00
19:11:36      28    0.00    0.00    0.00    0.00    0.00    0.00    0.00    0.00    0.00  100.00
19:11:36      29    0.00    0.00    0.00    0.00    0.00    0.00    0.00    0.00    0.00  100.00
19:11:36      30    0.00    0.00    0.00    0.00    0.00    0.00    0.00    0.00    0.00  100.00
19:11:36      31    0.00    0.00    0.00    0.00    0.00    0.00    0.00    0.00    0.00  100.00

19:11:36     CPU    %usr   %nice    %sys %iowait    %irq   %soft  %steal  %guest  %gnice   %idle
19:11:37     all    0.16    0.00    0.19    0.00    0.00    0.00    0.00    0.00    0.00   99.66
19:11:37       0    0.00    0.00    0.00    0.00    0.00    0.00    0.00    0.00    0.00  100.00
19:11:37       1    0.00    0.00    0.00    0.00    0.00    0.00    0.00    0.00    0.00  100.00
19:11:37       2    0.00    0.00    0.00    0.00    0.00    0.00    0.00    0.00    0.00  100.00
19:11:37       3    0.00    0.00    0.99    0.00    0.00    0.00    0.00    0.00    0.00   99.01
19:11:37       4    0.00    0.00    0.00    0.00    0.00    0.00    0.00    0.00    0.00  100.00
19:11:37       5    0.00    0.00    0.00    0.00    0.00    0.00    0.00    0.00    0.00  100.00
19:11:37       6    0.00    0.00    0.00    0.00    0.00    0.00    0.00    0.00    0.00  100.00
19:11:37       7    0.00    0.00    0.00    0.00    0.00    0.00    0.00    0.00    0.00  100.00
19:11:37       8    0.00    0.00    0.00    0.00    0.00    0.00    0.00    0.00    0.00  100.00
19:11:37       9    0.00    0.00    0.00    0.00    0.00    0.00    0.00    0.00    0.00  100.00
19:11:37      10    5.00    0.00    5.00    0.00    0.00    0.00    0.00    0.00    0.00   90.00
19:11:37      11    0.00    0.00    0.00    0.00    0.00    0.00    0.00    0.00    0.00  100.00
19:11:37      12    0.00    0.00    0.00    0.00    0.00    0.00    0.00    0.00    0.00  100.00
19:11:37      13    0.00    0.00    0.00    0.00    0.00    0.00    0.00    0.00    0.00  100.00
19:11:37      14    0.00    0.00    0.00    0.00    0.00    0.00    0.00    0.00    0.00  100.00
19:11:37      15    0.00    0.00    0.00    0.00    0.00    0.00    0.00    0.00    0.00  100.00
19:11:37      16    0.00    0.00    0.00    0.00    0.00    0.00    0.00    0.00    0.00  100.00
19:11:37      17    0.00    0.00    0.00    0.00    0.00    0.00    0.00    0.00    0.00  100.00
19:11:37      18    0.00    0.00    0.00    0.00    0.00    0.00    0.00    0.00    0.00  100.00
19:11:37      19    0.00    0.00    0.00    0.00    0.00    0.00    0.00    0.00    0.00  100.00
19:11:37      20    0.00    0.00    0.00    0.00    0.00    0.00    0.00    0.00    0.00  100.00
19:11:37      21    0.00    0.00    0.00    0.00    0.00    0.00    0.00    0.00    0.00  100.00
19:11:37      22    0.00    0.00    0.00    0.00    0.00    0.00    0.00    0.00    0.00  100.00
19:11:37      23    0.00    0.00    0.00    0.00    0.00    0.00    0.00    0.00    0.00  100.00
19:11:37      24    0.00    0.00    0.00    0.00    0.00    0.00    0.00    0.00    0.00  100.00
19:11:37      25    0.00    0.00    0.00    0.00    0.00    0.00    0.00    0.00    0.00  100.00
19:11:37      26    0.00    0.00    0.00    0.00    0.00    0.00    0.00    0.00    0.00  100.00
19:11:37      27    0.00    0.00    0.00    0.00    0.00    0.00    0.00    0.00    0.00  100.00
19:11:37      28    0.00    0.00    0.00    0.00    0.00    0.00    0.00    0.00    0.00  100.00
19:11:37      29    0.00    0.00    0.00    0.00    0.00    0.00    0.00    0.00    0.00  100.00
19:11:37      30    0.00    0.00    0.00    0.00    0.00    0.00    0.00    0.00    0.00  100.00
19:11:37      31    0.00    0.00    0.00    0.00    0.00    0.00    0.00    0.00    0.00  100.00

19:11:37     CPU    %usr   %nice    %sys %iowait    %irq   %soft  %steal  %guest  %gnice   %idle
19:11:38     all    0.62    0.00    0.12    0.00    0.00    0.00    0.00    0.00    0.00   99.25
19:11:38       0    0.00    0.00    0.00    0.00    0.00    0.00    0.00    0.00    0.00  100.00
19:11:38       1    0.00    0.00    0.00    0.00    0.00    0.00    0.00    0.00    0.00  100.00
19:11:38       2    0.00    0.00    0.00    0.00    0.00    0.00    0.00    0.00    0.00  100.00
19:11:38       3    0.00    0.00    0.00    0.00    0.00    0.00    0.00    0.00    0.00  100.00
19:11:38       4    0.00    0.00    0.00    0.00    0.00    0.00    0.00    0.00    0.00  100.00
19:11:38       5    1.00    0.00    0.00    0.00    0.00    0.00    0.00    0.00    0.00   99.00
19:11:38       6    0.99    0.00    0.99    0.00    0.00    0.00    0.00    0.00    0.00   98.02
19:11:38       7    0.00    0.00    0.00    0.00    0.00    0.00    0.00    0.00    0.00  100.00
19:11:38       8    1.00    0.00    0.00    0.00    0.00    0.00    0.00    0.00    0.00   99.00
19:11:38       9   16.00    0.00    1.00    0.00    0.00    0.00    0.00    0.00    0.00   83.00
19:11:38      10    0.00    0.00    0.00    0.00    0.00    0.00    0.00    0.00    0.00  100.00
19:11:38      11    0.00    0.00    0.00    0.00    0.00    0.00    0.00    0.00    0.00  100.00
19:11:38      12    0.00    0.00    0.00    0.00    0.00    0.00    0.00    0.00    0.00  100.00
19:11:38      13    0.00    0.00    0.00    0.00    0.00    0.00    0.00    0.00    0.00  100.00
19:11:38      14    0.00    0.00    0.00    0.00    0.00    0.00    0.00    0.00    0.00  100.00
19:11:38      15    0.00    0.00    0.00    0.00    0.00    0.00    0.00    0.00    0.00  100.00
19:11:38      16    0.00    0.00    0.00    0.00    0.00    0.00    0.00    0.00    0.00  100.00
19:11:38      17    0.00    0.00    0.99    0.00    0.00    0.00    0.00    0.00    0.00   99.01
19:11:38      18    0.00    0.00    0.00    0.00    0.00    0.00    0.00    0.00    0.00  100.00
19:11:38      19    0.00    0.00    0.00    0.00    0.00    0.00    0.00    0.00    0.00  100.00
19:11:38      20    0.00    0.00    0.00    0.00    0.00    0.00    0.00    0.00    0.00  100.00
19:11:38      21    0.00    0.00    0.00    0.00    0.00    0.00    0.00    0.00    0.00  100.00
19:11:38      22    0.00    0.00    0.00    0.00    0.00    0.00    0.00    0.00    0.00  100.00
19:11:38      23    0.99    0.00    0.99    0.00    0.00    0.00    0.00    0.00    0.00   98.02
19:11:38      24    0.00    0.00    0.00    0.00    0.00    0.00    0.00    0.00    0.00  100.00
19:11:38      25    0.00    0.00    0.00    0.00    0.00    0.00    0.00    0.00    0.00  100.00
19:11:38      26    0.00    0.00    0.00    0.00    0.00    0.00    0.00    0.00    0.00  100.00
19:11:38      27    0.00    0.00    0.00    0.00    0.00    0.00    0.00    0.00    0.00  100.00
19:11:38      28    0.00    0.00    0.00    0.00    0.00    0.00    0.00    0.00    0.00  100.00
19:11:38      29    0.00    0.00    0.00    0.00    0.00    0.00    0.00    0.00    0.00  100.00
19:11:38      30    0.00    0.00    0.00    0.00    0.00    0.00    0.00    0.00    0.00  100.00
19:11:38      31    0.00    0.00    0.00    0.00    0.00    0.00    0.00    0.00    0.00  100.00

19:11:38     CPU    %usr   %nice    %sys %iowait    %irq   %soft  %steal  %guest  %gnice   %idle
19:11:39     all    0.72    0.00    0.13    0.00    0.00    0.00    0.00    0.00    0.00   99.16
19:11:39       0    1.00    0.00    0.00    0.00    0.00    0.00    0.00    0.00    0.00   99.00
19:11:39       1    0.99    0.00    0.00    0.00    0.00    0.00    0.00    0.00    0.00   99.01
19:11:39       2    1.00    0.00    1.00    0.00    0.00    0.00    0.00    0.00    0.00   98.00
19:11:39       3    0.00    0.00    1.00    0.00    0.00    0.00    0.00    0.00    0.00   99.00
19:11:39       4    0.00    0.00    0.00    0.00    0.00    0.00    0.00    0.00    0.00  100.00
19:11:39       5    1.00    0.00    1.00    0.00    0.00    0.00    0.00    0.00    0.00   98.00
19:11:39       6    0.00    0.00    0.00    0.00    0.00    0.00    0.00    0.00    0.00  100.00
19:11:39       7    0.00    0.00    0.00    0.00    0.00    0.00    0.00    0.00    0.00  100.00
19:11:39       8    2.04    0.00    0.00    0.00    0.00    0.00    0.00    0.00    0.00   97.96
19:11:39       9   15.84    0.00    0.99    0.00    0.00    0.00    0.00    0.00    0.00   83.17
19:11:39      10    0.00    0.00    0.00    0.00    0.00    0.00    0.00    0.00    0.00  100.00
19:11:39      11    0.00    0.00    0.00    0.00    0.00    0.00    0.00    0.00    0.00  100.00
19:11:39      12    0.00    0.00    0.00    0.00    0.00    0.00    0.00    0.00    0.00  100.00
19:11:39      13    0.00    0.00    0.00    0.00    0.00    0.00    0.00    0.00    0.00  100.00
19:11:39      14    0.00    0.00    0.00    0.00    0.00    0.00    0.00    0.00    0.00  100.00
19:11:39      15    0.00    0.00    0.00    0.00    0.00    0.00    0.00    0.00    0.00  100.00
19:11:39      16    0.00    0.00    0.00    0.00    0.00    0.00    0.00    0.00    0.00  100.00
19:11:39      17    0.00    0.00    0.00    0.00    0.00    0.00    0.00    0.00    0.00  100.00
19:11:39      18    0.00    0.00    0.00    0.00    0.00    0.00    0.00    0.00    0.00  100.00
19:11:39      19    0.00    0.00    0.00    0.00    0.00    0.00    0.00    0.00    0.00  100.00
19:11:39      20    0.00    0.00    0.00    0.00    0.00    0.00    0.00    0.00    0.00  100.00
19:11:39      21    0.00    0.00    0.00    0.00    0.00    0.00    0.00    0.00    0.00  100.00
19:11:39      22    0.00    0.00    0.00    0.00    0.00    0.00    0.00    0.00    0.00  100.00
19:11:39      23    1.00    0.00    0.00    0.00    0.00    0.00    0.00    0.00    0.00   99.00
19:11:39      24    0.00    0.00    0.00    0.00    0.00    0.00    0.00    0.00    0.00  100.00
19:11:39      25    0.00    0.00    0.00    0.00    0.00    0.00    0.00    0.00    0.00  100.00
19:11:39      26    0.00    0.00    0.00    0.00    0.00    0.00    0.00    0.00    0.00  100.00
19:11:39      27    0.00    0.00    0.00    0.00    0.00    0.00    0.00    0.00    0.00  100.00
19:11:39      28    0.00    0.00    0.00    0.00    0.00    0.00    0.00    0.00    0.00  100.00
19:11:39      29    0.00    0.00    0.00    0.00    0.00    0.00    0.00    0.00    0.00  100.00
19:11:39      30    0.00    0.00    0.00    0.00    0.00    0.00    0.00    0.00    0.00  100.00
19:11:39      31    0.00    0.00    0.00    0.00    0.00    0.00    0.00    0.00    0.00  100.00

19:11:39     CPU    %usr   %nice    %sys %iowait    %irq   %soft  %steal  %guest  %gnice   %idle
19:11:40     all    0.56    0.00    0.56    0.03    0.00    0.03    0.00    0.00    0.00   98.81
19:11:40       0    0.00    0.00    0.99    0.00    0.00    0.99    0.00    0.00    0.00   98.02
19:11:40       1    1.00    0.00    1.00    1.00    0.00    0.00    0.00    0.00    0.00   97.00
19:11:40       2    1.00    0.00    0.00    0.00    0.00    0.00    0.00    0.00    0.00   99.00
19:11:40       3    0.00    0.00    0.00    0.00    0.00    0.00    0.00    0.00    0.00  100.00
19:11:40       4    0.00    0.00    1.00    0.00    0.00    0.00    0.00    0.00    0.00   99.00
19:11:40       5    0.00    0.00    0.00    0.00    0.00    0.00    0.00    0.00    0.00  100.00
19:11:40       6    1.98    0.00    0.00    0.00    0.00    0.00    0.00    0.00    0.00   98.02
19:11:40       7    0.00    0.00    0.00    0.00    0.00    0.00    0.00    0.00    0.00  100.00
19:11:40       8    1.00    0.00    1.00    0.00    0.00    0.00    0.00    0.00    0.00   98.00
19:11:40       9    1.02    0.00    0.00    0.00    0.00    0.00    0.00    0.00    0.00   98.98
19:11:40      10    9.00    0.00   12.00    0.00    0.00    0.00    0.00    0.00    0.00   79.00
19:11:40      11    0.00    0.00    0.00    0.00    0.00    0.00    0.00    0.00    0.00  100.00
19:11:40      12    0.00    0.00    0.00    0.00    0.00    0.00    0.00    0.00    0.00  100.00
19:11:40      13    0.00    0.00    0.00    0.00    0.00    0.00    0.00    0.00    0.00  100.00
19:11:40      14    0.00    0.00    0.00    0.00    0.00    0.00    0.00    0.00    0.00  100.00
19:11:40      15    0.00    0.00    0.00    0.00    0.00    0.00    0.00    0.00    0.00  100.00
19:11:40      16    0.00    0.00    0.00    0.00    0.00    0.00    0.00    0.00    0.00  100.00
19:11:40      17    0.00    0.00    0.00    0.00    0.00    0.00    0.00    0.00    0.00  100.00
19:11:40      18    0.00    0.00    0.00    0.00    0.00    0.00    0.00    0.00    0.00  100.00
19:11:40      19    1.00    0.00    0.00    0.00    0.00    0.00    0.00    0.00    0.00   99.00
19:11:40      20    0.00    0.00    0.00    0.00    0.00    0.00    0.00    0.00    0.00  100.00
19:11:40      21    0.00    0.00    0.00    0.00    0.00    0.00    0.00    0.00    0.00  100.00
19:11:40      22    0.00    0.00    0.00    0.00    0.00    0.00    0.00    0.00    0.00  100.00
19:11:40      23    1.00    0.00    0.00    0.00    0.00    0.00    0.00    0.00    0.00   99.00
19:11:40      24    0.00    0.00    0.99    0.00    0.00    0.00    0.00    0.00    0.00   99.01
19:11:40      25    0.98    0.00    0.98    0.00    0.00    0.00    0.00    0.00    0.00   98.04
19:11:40      26    0.00    0.00    0.00    0.00    0.00    0.00    0.00    0.00    0.00  100.00
19:11:40      27    0.00    0.00    0.00    0.00    0.00    0.00    0.00    0.00    0.00  100.00
19:11:40      28    0.00    0.00    0.00    0.00    0.00    0.00    0.00    0.00    0.00  100.00
19:11:40      29    0.00    0.00    0.00    0.00    0.00    0.00    0.00    0.00    0.00  100.00
19:11:40      30    0.00    0.00    0.00    0.00    0.00    0.00    0.00    0.00    0.00  100.00
19:11:40      31    0.00    0.00    0.00    0.00    0.00    0.00    0.00    0.00    0.00  100.00

19:11:40     CPU    %usr   %nice    %sys %iowait    %irq   %soft  %steal  %guest  %gnice   %idle
19:11:41     all    0.13    0.00    0.13    0.00    0.00    0.00    0.00    0.00    0.00   99.75
19:11:41       0    0.00    0.00    0.00    0.00    0.00    0.00    0.00    0.00    0.00  100.00
19:11:41       1    0.00    0.00    0.00    0.00    0.00    0.00    0.00    0.00    0.00  100.00
19:11:41       2    0.00    0.00    0.00    0.00    0.00    0.00    0.00    0.00    0.00  100.00
19:11:41       3    0.00    0.00    0.00    0.00    0.00    0.00    0.00    0.00    0.00  100.00
19:11:41       4    1.00    0.00    0.00    0.00    0.00    0.00    0.00    0.00    0.00   99.00
19:11:41       5    1.00    0.00    1.00    0.00    0.00    0.00    0.00    0.00    0.00   98.00
19:11:41       6    0.00    0.00    1.00    0.00    0.00    0.00    0.00    0.00    0.00   99.00
19:11:41       7    0.00    0.00    0.00    0.00    0.00    0.00    0.00    0.00    0.00  100.00
19:11:41       8    0.00    0.00    0.99    0.00    0.00    0.00    0.00    0.00    0.00   99.01
19:11:41       9    0.99    0.00    0.99    0.00    0.00    0.00    0.00    0.00    0.00   98.02
19:11:41      10    0.00    0.00    0.00    0.00    0.00    0.00    0.00    0.00    0.00  100.00
19:11:41      11    0.00    0.00    0.00    0.00    0.00    0.00    0.00    0.00    0.00  100.00
19:11:41      12    0.00    0.00    0.00    0.00    0.00    0.00    0.00    0.00    0.00  100.00
19:11:41      13    0.00    0.00    0.00    0.00    0.00    0.00    0.00    0.00    0.00  100.00
19:11:41      14    0.00    0.00    0.00    0.00    0.00    0.00    0.00    0.00    0.00  100.00
19:11:41      15    0.00    0.00    0.00    0.00    0.00    0.00    0.00    0.00    0.00  100.00
19:11:41      16    0.00    0.00    0.00    0.00    0.00    0.00    0.00    0.00    0.00  100.00
19:11:41      17    1.01    0.00    0.00    0.00    0.00    0.00    0.00    0.00    0.00   98.99
19:11:41      18    0.00    0.00    0.00    0.00    0.00    0.00    0.00    0.00    0.00  100.00
19:11:41      19    0.00    0.00    0.00    0.00    0.00    0.00    0.00    0.00    0.00  100.00
19:11:41      20    0.00    0.00    0.00    0.00    0.00    0.00    0.00    0.00    0.00  100.00
19:11:41      21    0.00    0.00    0.00    0.00    0.00    0.00    0.00    0.00    0.00  100.00
19:11:41      22    0.00    0.00    0.00    0.00    0.00    0.00    0.00    0.00    0.00  100.00
19:11:41      23    0.00    0.00    0.00    0.00    0.00    0.00    0.00    0.00    0.00  100.00
19:11:41      24    0.00    0.00    0.00    0.00    0.00    0.00    0.00    0.00    0.00  100.00
19:11:41      25    0.00    0.00    0.00    0.00    0.00    0.00    0.00    0.00    0.00  100.00
19:11:41      26    0.00    0.00    0.00    0.00    0.00    0.00    0.00    0.00    0.00  100.00
19:11:41      27    0.00    0.00    0.00    0.00    0.00    0.00    0.00    0.00    0.00  100.00
19:11:41      28    0.00    0.00    0.00    0.00    0.00    0.00    0.00    0.00    0.00  100.00
19:11:41      29    0.00    0.00    0.00    0.00    0.00    0.00    0.00    0.00    0.00  100.00
19:11:41      30    0.00    0.00    0.00    0.00    0.00    0.00    0.00    0.00    0.00  100.00
19:11:41      31    0.00    0.00    0.00    0.00    0.00    0.00    0.00    0.00    0.00  100.00

19:11:41     CPU    %usr   %nice    %sys %iowait    %irq   %soft  %steal  %guest  %gnice   %idle
19:11:42     all    0.31    0.00    0.44    0.00    0.00    0.00    0.00    0.00    0.00   99.25
19:11:42       0    0.00    0.00    0.00    0.00    0.00    0.00    0.00    0.00    0.00  100.00
19:11:42       1    0.00    0.00    1.00    0.00    0.00    0.00    0.00    0.00    0.00   99.00
19:11:42       2    0.00    0.00    0.00    0.00    0.00    0.00    0.00    0.00    0.00  100.00
19:11:42       3    0.00    0.00    0.00    0.00    0.00    0.00    0.00    0.00    0.00  100.00
19:11:42       4    0.00    0.00    0.00    0.00    0.00    0.00    0.00    0.00    0.00  100.00
19:11:42       5    0.00    0.00    0.00    0.00    0.00    0.00    0.00    0.00    0.00  100.00
19:11:42       6    0.00    0.00    0.00    0.00    0.00    0.00    0.00    0.00    0.00  100.00
19:11:42       7    0.00    0.00    0.00    0.00    0.00    0.00    0.00    0.00    0.00  100.00
19:11:42       8    1.01    0.00    0.00    0.00    0.00    0.00    0.00    0.00    0.00   98.99
19:11:42       9    1.01    0.00    0.00    0.00    0.00    0.00    0.00    0.00    0.00   98.99
19:11:42      10    8.00    0.00   13.00    0.00    0.00    0.00    0.00    0.00    0.00   79.00
19:11:42      11    0.00    0.00    0.00    0.00    0.00    0.00    0.00    0.00    0.00  100.00
19:11:42      12    0.00    0.00    0.00    0.00    0.00    0.00    0.00    0.00    0.00  100.00
19:11:42      13    0.00    0.00    0.00    0.00    0.00    0.00    0.00    0.00    0.00  100.00
19:11:42      14    0.00    0.00    0.00    0.00    0.00    0.00    0.00    0.00    0.00  100.00
19:11:42      15    0.00    0.00    0.00    0.00    0.00    0.00    0.00    0.00    0.00  100.00
19:11:42      16    0.00    0.00    0.00    0.00    0.00    0.00    0.00    0.00    0.00  100.00
19:11:42      17    0.00    0.00    0.00    0.00    0.00    0.00    0.00    0.00    0.00  100.00
19:11:42      18    0.00    0.00    0.00    0.00    0.00    0.00    0.00    0.00    0.00  100.00
19:11:42      19    0.00    0.00    0.00    0.00    0.00    0.00    0.00    0.00    0.00  100.00
19:11:42      20    0.00    0.00    0.00    0.00    0.00    0.00    0.00    0.00    0.00  100.00
19:11:42      21    0.00    0.00    0.00    0.00    0.00    0.00    0.00    0.00    0.00  100.00
19:11:42      22    0.00    0.00    0.00    0.00    0.00    0.00    0.00    0.00    0.00  100.00
19:11:42      23    0.00    0.00    0.00    0.00    0.00    0.00    0.00    0.00    0.00  100.00
19:11:42      24    0.00    0.00    0.00    0.00    0.00    0.00    0.00    0.00    0.00  100.00
19:11:42      25    0.00    0.00    0.00    0.00    0.00    0.00    0.00    0.00    0.00  100.00
19:11:42      26    0.00    0.00    0.00    0.00    0.00    0.00    0.00    0.00    0.00  100.00
19:11:42      27    0.00    0.00    0.00    0.00    0.00    0.00    0.00    0.00    0.00  100.00
19:11:42      28    0.00    0.00    0.00    0.00    0.00    0.00    0.00    0.00    0.00  100.00
19:11:42      29    0.00    0.00    0.00    0.00    0.00    0.00    0.00    0.00    0.00  100.00
19:11:42      30    0.00    0.00    0.00    0.00    0.00    0.00    0.00    0.00    0.00  100.00
19:11:42      31    0.00    0.00    0.00    0.00    0.00    0.00    0.00    0.00    0.00  100.00

19:11:42     CPU    %usr   %nice    %sys %iowait    %irq   %soft  %steal  %guest  %gnice   %idle
19:11:43     all    0.75    0.00    0.12    0.00    0.00    0.03    0.00    0.00    0.00   99.09
19:11:43       0    0.00    0.00    0.00    0.00    0.00    1.00    0.00    0.00    0.00   99.00
19:11:43       1    1.00    0.00    0.00    0.00    0.00    0.00    0.00    0.00    0.00   99.00
19:11:43       2    0.00    0.00    1.00    0.00    0.00    0.00    0.00    0.00    0.00   99.00
19:11:43       3    1.00    0.00    0.00    0.00    0.00    0.00    0.00    0.00    0.00   99.00
19:11:43       4    0.00    0.00    0.00    0.00    0.00    0.00    0.00    0.00    0.00  100.00
19:11:43       5    0.99    0.00    0.00    0.00    0.00    0.00    0.00    0.00    0.00   99.01
19:11:43       6    1.01    0.00    0.00    0.00    0.00    0.00    0.00    0.00    0.00   98.99
19:11:43       7    0.00    0.00    0.00    0.00    0.00    0.00    0.00    0.00    0.00  100.00
19:11:43       8    7.00    0.00    0.00    0.00    0.00    0.00    0.00    0.00    0.00   93.00
19:11:43       9   13.13    0.00    1.01    0.00    0.00    0.00    0.00    0.00    0.00   85.86
19:11:43      10    0.00    0.00    0.00    0.00    0.00    0.00    0.00    0.00    0.00  100.00
19:11:43      11    0.00    0.00    0.00    0.00    0.00    0.00    0.00    0.00    0.00  100.00
19:11:43      12    0.00    0.00    0.00    0.00    0.00    0.00    0.00    0.00    0.00  100.00
19:11:43      13    0.00    0.00    0.00    0.00    0.00    0.00    0.00    0.00    0.00  100.00
19:11:43      14    0.00    0.00    0.00    0.00    0.00    0.00    0.00    0.00    0.00  100.00
19:11:43      15    0.00    0.00    0.00    0.00    0.00    0.00    0.00    0.00    0.00  100.00
19:11:43      16    0.00    0.00    0.99    0.00    0.00    0.00    0.00    0.00    0.00   99.01
19:11:43      17    0.00    0.00    0.99    0.00    0.00    0.00    0.00    0.00    0.00   99.01
19:11:43      18    0.00    0.00    0.00    0.00    0.00    0.00    0.00    0.00    0.00  100.00
19:11:43      19    0.00    0.00    0.00    0.00    0.00    0.00    0.00    0.00    0.00  100.00
19:11:43      20    0.00    0.00    0.00    0.00    0.00    0.00    0.00    0.00    0.00  100.00
19:11:43      21    0.00    0.00    0.00    0.00    0.00    0.00    0.00    0.00    0.00  100.00
19:11:43      22    0.00    0.00    0.00    0.00    0.00    0.00    0.00    0.00    0.00  100.00
19:11:43      23    0.00    0.00    0.00    0.00    0.00    0.00    0.00    0.00    0.00  100.00
19:11:43      24    0.00    0.00    0.00    0.00    0.00    0.00    0.00    0.00    0.00  100.00
19:11:43      25    0.00    0.00    0.00    0.00    0.00    0.00    0.00    0.00    0.00  100.00
19:11:43      26    0.00    0.00    0.00    0.00    0.00    0.00    0.00    0.00    0.00  100.00
19:11:43      27    0.00    0.00    0.00    0.00    0.00    0.00    0.00    0.00    0.00  100.00
19:11:43      28    0.00    0.00    0.00    0.00    0.00    0.00    0.00    0.00    0.00  100.00
19:11:43      29    0.00    0.00    0.00    0.00    0.00    0.00    0.00    0.00    0.00  100.00
19:11:43      30    0.00    0.00    0.00    0.00    0.00    0.00    0.00    0.00    0.00  100.00
19:11:43      31    0.00    0.00    0.00    0.00    0.00    0.00    0.00    0.00    0.00  100.00

19:11:43     CPU    %usr   %nice    %sys %iowait    %irq   %soft  %steal  %guest  %gnice   %idle
19:11:44     all    0.69    0.00    0.16    0.00    0.00    0.00    0.00    0.00    0.00   99.16
19:11:44       0    1.01    0.00    0.00    0.00    0.00    0.00    0.00    0.00    0.00   98.99
19:11:44       1    0.00    0.00    1.00    0.00    0.00    0.00    0.00    0.00    0.00   99.00
19:11:44       2    1.00    0.00    0.00    0.00    0.00    0.00    0.00    0.00    0.00   99.00
19:11:44       3    0.00    0.00    0.00    0.00    0.00    0.00    0.00    0.00    0.00  100.00
19:11:44       4    0.00    0.00    0.00    0.00    0.00    0.00    0.00    0.00    0.00  100.00
19:11:44       5    0.00    0.00    0.00    0.00    0.00    0.00    0.00    0.00    0.00  100.00
19:11:44       6    0.99    0.00    0.99    0.00    0.00    0.00    0.00    0.00    0.00   98.02
19:11:44       7    0.00    0.00    0.99    0.00    0.00    0.00    0.00    0.00    0.00   99.01
19:11:44       8    5.10    0.00    1.02    0.00    0.00    0.00    0.00    0.00    0.00   93.88
19:11:44       9   13.86    0.00    0.99    0.00    0.00    0.00    0.00    0.00    0.00   85.15
19:11:44      10    0.00    0.00    0.00    0.00    0.00    0.00    0.00    0.00    0.00  100.00
19:11:44      11    0.00    0.00    0.00    0.00    0.00    0.00    0.00    0.00    0.00  100.00
19:11:44      12    0.00    0.00    0.00    0.00    0.00    0.00    0.00    0.00    0.00  100.00
19:11:44      13    0.00    0.00    0.00    0.00    0.00    0.00    0.00    0.00    0.00  100.00
19:11:44      14    0.00    0.00    0.00    0.00    0.00    0.00    0.00    0.00    0.00  100.00
19:11:44      15    0.00    0.00    0.00    0.00    0.00    0.00    0.00    0.00    0.00  100.00
19:11:44      16    0.00    0.00    0.00    0.00    0.00    0.00    0.00    0.00    0.00  100.00
19:11:44      17    0.00    0.00    0.00    0.00    0.00    0.00    0.00    0.00    0.00  100.00
19:11:44      18    0.00    0.00    0.00    0.00    0.00    0.00    0.00    0.00    0.00  100.00
19:11:44      19    0.00    0.00    0.00    0.00    0.00    0.00    0.00    0.00    0.00  100.00
19:11:44      20    0.00    0.00    0.00    0.00    0.00    0.00    0.00    0.00    0.00  100.00
19:11:44      21    0.00    0.00    0.00    0.00    0.00    0.00    0.00    0.00    0.00  100.00
19:11:44      22    0.00    0.00    0.00    0.00    0.00    0.00    0.00    0.00    0.00  100.00
19:11:44      23    0.00    0.00    0.00    0.00    0.00    0.00    0.00    0.00    0.00  100.00
19:11:44      24    0.00    0.00    0.00    0.00    0.00    0.00    0.00    0.00    0.00  100.00
19:11:44      25    0.00    0.00    0.00    0.00    0.00    0.00    0.00    0.00    0.00  100.00
19:11:44      26    0.00    0.00    0.00    0.00    0.00    0.00    0.00    0.00    0.00  100.00
19:11:44      27    0.00    0.00    0.00    0.00    0.00    0.00    0.00    0.00    0.00  100.00
19:11:44      28    0.00    0.00    0.00    0.00    0.00    0.00    0.00    0.00    0.00  100.00
19:11:44      29    0.00    0.00    0.00    0.00    0.00    0.00    0.00    0.00    0.00  100.00
19:11:44      30    0.00    0.00    0.00    0.00    0.00    0.00    0.00    0.00    0.00  100.00
19:11:44      31    0.00    0.00    0.00    0.00    0.00    0.00    0.00    0.00    0.00  100.00

19:11:44     CPU    %usr   %nice    %sys %iowait    %irq   %soft  %steal  %guest  %gnice   %idle
19:11:45     all    0.88    0.00    0.50    0.03    0.00    0.00    0.00    0.00    0.00   98.59
19:11:45       0    2.00    0.00    1.00    0.00    0.00    0.00    0.00    0.00    0.00   97.00
19:11:45       1    2.02    0.00    0.00    0.00    0.00    0.00    0.00    0.00    0.00   97.98
19:11:45       2    0.99    0.00    0.99    0.00    0.00    0.00    0.00    0.00    0.00   98.02
19:11:45       3    0.99    0.00    0.99    0.00    0.00    0.00    0.00    0.00    0.00   98.02
19:11:45       4    0.00    0.00    0.00    0.00    0.00    0.00    0.00    0.00    0.00  100.00
19:11:45       5    0.00    0.00    0.00    0.00    0.00    0.00    0.00    0.00    0.00  100.00
19:11:45       6    0.00    0.00    0.00    0.00    0.00    0.00    0.00    0.00    0.00  100.00
19:11:45       7    1.01    0.00    0.00    0.00    0.00    0.00    0.00    0.00    0.00   98.99
19:11:45       8    5.10    0.00    1.02    0.00    0.00    0.00    0.00    0.00    0.00   93.88
19:11:45       9    7.14    0.00    0.00    0.00    0.00    0.00    0.00    0.00    0.00   92.86
19:11:45      10    7.92    0.00   11.88    0.00    0.00    0.00    0.00    0.00    0.00   80.20
19:11:45      11    0.00    0.00    0.00    0.00    0.00    0.00    0.00    0.00    0.00  100.00
19:11:45      12    0.00    0.00    0.00    0.00    0.00    0.00    0.00    0.00    0.00  100.00
19:11:45      13    0.00    0.00    0.00    0.00    0.00    0.00    0.00    0.00    0.00  100.00
19:11:45      14    0.00    0.00    0.00    0.00    0.00    0.00    0.00    0.00    0.00  100.00
19:11:45      15    0.00    0.00    0.00    0.00    0.00    0.00    0.00    0.00    0.00  100.00
19:11:45      16    0.00    0.00    0.00    0.99    0.00    0.00    0.00    0.00    0.00   99.01
19:11:45      17    0.00    0.00    0.00    0.00    0.00    0.00    0.00    0.00    0.00  100.00
19:11:45      18    0.00    0.00    0.00    0.00    0.00    0.00    0.00    0.00    0.00  100.00
19:11:45      19    0.00    0.00    0.00    0.00    0.00    0.00    0.00    0.00    0.00  100.00
19:11:45      20    0.00    0.00    0.00    0.00    0.00    0.00    0.00    0.00    0.00  100.00
19:11:45      21    0.00    0.00    0.00    0.00    0.00    0.00    0.00    0.00    0.00  100.00
19:11:45      22    0.00    0.00    0.00    0.00    0.00    0.00    0.00    0.00    0.00  100.00
19:11:45      23    0.00    0.00    0.00    0.00    0.00    0.00    0.00    0.00    0.00  100.00
19:11:45      24    0.00    0.00    0.00    0.00    0.00    0.00    0.00    0.00    0.00  100.00
19:11:45      25    0.00    0.00    0.00    0.00    0.00    0.00    0.00    0.00    0.00  100.00
19:11:45      26    0.99    0.00    0.00    0.00    0.00    0.00    0.00    0.00    0.00   99.01
19:11:45      27    0.00    0.00    0.00    0.00    0.00    0.00    0.00    0.00    0.00  100.00
19:11:45      28    0.00    0.00    0.00    0.00    0.00    0.00    0.00    0.00    0.00  100.00
19:11:45      29    0.00    0.00    0.00    0.00    0.00    0.00    0.00    0.00    0.00  100.00
19:11:45      30    0.00    0.00    0.00    0.00    0.00    0.00    0.00    0.00    0.00  100.00
19:11:45      31    0.00    0.00    0.00    0.00    0.00    0.00    0.00    0.00    0.00  100.00

19:11:45     CPU    %usr   %nice    %sys %iowait    %irq   %soft  %steal  %guest  %gnice   %idle
19:11:46     all    0.09    0.00    0.09    0.00    0.00    0.00    0.00    0.00    0.00   99.81
19:11:46       0    0.00    0.00    0.00    0.00    0.00    0.00    0.00    0.00    0.00  100.00
19:11:46       1    0.00    0.00    0.00    0.00    0.00    0.00    0.00    0.00    0.00  100.00
19:11:46       2    0.00    0.00    0.00    0.00    0.00    0.00    0.00    0.00    0.00  100.00
19:11:46       3    0.00    0.00    0.00    0.00    0.00    0.00    0.00    0.00    0.00  100.00
19:11:46       4    0.00    0.00    0.99    0.00    0.00    0.00    0.00    0.00    0.00   99.01
19:11:46       5    0.00    0.00    0.00    0.00    0.00    0.00    0.00    0.00    0.00  100.00
19:11:46       6    0.00    0.00    0.00    0.00    0.00    0.00    0.00    0.00    0.00  100.00
19:11:46       7    0.00    0.00    0.00    0.00    0.00    0.00    0.00    0.00    0.00  100.00
19:11:46       8    1.00    0.00    0.00    0.00    0.00    0.00    0.00    0.00    0.00   99.00
19:11:46       9    0.99    0.00    0.99    0.00    0.00    0.00    0.00    0.00    0.00   98.02
19:11:46      10    1.01    0.00    1.01    0.00    0.00    0.00    0.00    0.00    0.00   97.98
19:11:46      11    0.00    0.00    0.00    0.00    0.00    0.00    0.00    0.00    0.00  100.00
19:11:46      12    0.00    0.00    0.00    0.00    0.00    0.00    0.00    0.00    0.00  100.00
19:11:46      13    0.00    0.00    0.00    0.00    0.00    0.00    0.00    0.00    0.00  100.00
19:11:46      14    0.00    0.00    0.00    0.00    0.00    0.00    0.00    0.00    0.00  100.00
19:11:46      15    0.00    0.00    0.00    0.00    0.00    0.00    0.00    0.00    0.00  100.00
19:11:46      16    0.00    0.00    0.00    0.00    0.00    0.00    0.00    0.00    0.00  100.00
19:11:46      17    0.00    0.00    0.00    0.00    0.00    0.00    0.00    0.00    0.00  100.00
19:11:46      18    0.00    0.00    0.00    0.00    0.00    0.00    0.00    0.00    0.00  100.00
19:11:46      19    0.00    0.00    0.00    0.00    0.00    0.00    0.00    0.00    0.00  100.00
19:11:46      20    0.00    0.00    0.00    0.00    0.00    0.00    0.00    0.00    0.00  100.00
19:11:46      21    0.00    0.00    0.00    0.00    0.00    0.00    0.00    0.00    0.00  100.00
19:11:46      22    0.00    0.00    0.00    0.00    0.00    0.00    0.00    0.00    0.00  100.00
19:11:46      23    0.00    0.00    0.00    0.00    0.00    0.00    0.00    0.00    0.00  100.00
19:11:46      24    0.00    0.00    0.00    0.00    0.00    0.00    0.00    0.00    0.00  100.00
19:11:46      25    0.00    0.00    0.00    0.00    0.00    0.00    0.00    0.00    0.00  100.00
19:11:46      26    0.00    0.00    0.00    0.00    0.00    0.00    0.00    0.00    0.00  100.00
19:11:46      27    0.00    0.00    0.00    0.00    0.00    0.00    0.00    0.00    0.00  100.00
19:11:46      28    0.00    0.00    0.00    0.00    0.00    0.00    0.00    0.00    0.00  100.00
19:11:46      29    0.00    0.00    0.00    0.00    0.00    0.00    0.00    0.00    0.00  100.00
19:11:46      30    0.00    0.00    0.00    0.00    0.00    0.00    0.00    0.00    0.00  100.00
19:11:46      31    0.00    0.00    0.00    0.00    0.00    0.00    0.00    0.00    0.00  100.00

19:11:46     CPU    %usr   %nice    %sys %iowait    %irq   %soft  %steal  %guest  %gnice   %idle
19:11:47     all    0.91    0.00    0.56    0.03    0.00    0.00    0.00    0.00    0.00   98.50
19:11:47       0    2.04    0.00    0.00    0.00    0.00    0.00    0.00    0.00    0.00   97.96
19:11:47       1    0.00    0.00    1.00    0.00    0.00    0.00    0.00    0.00    0.00   99.00
19:11:47       2    0.00    0.00    0.00    0.00    0.00    0.00    0.00    0.00    0.00  100.00
19:11:47       3    0.00    0.00    0.00    0.00    0.00    0.00    0.00    0.00    0.00  100.00
19:11:47       4    1.00    0.00    0.00    0.00    0.00    0.00    0.00    0.00    0.00   99.00
19:11:47       5    1.00    0.00    1.00    0.00    0.00    0.00    0.00    0.00    0.00   98.00
19:11:47       6    1.00    0.00    0.00    0.00    0.00    0.00    0.00    0.00    0.00   99.00
19:11:47       7    0.00    0.00    0.00    0.00    0.00    0.00    0.00    0.00    0.00  100.00
19:11:47       8    7.14    0.00    1.02    0.00    0.00    0.00    0.00    0.00    0.00   91.84
19:11:47       9    8.08    0.00    1.01    0.00    0.00    0.00    0.00    0.00    0.00   90.91
19:11:47      10    8.00    0.00   13.00    0.00    0.00    0.00    0.00    0.00    0.00   79.00
19:11:47      11    0.00    0.00    0.00    0.00    0.00    0.00    0.00    0.00    0.00  100.00
19:11:47      12    0.00    0.00    0.00    0.00    0.00    0.00    0.00    0.00    0.00  100.00
19:11:47      13    0.00    0.00    0.00    0.00    0.00    0.00    0.00    0.00    0.00  100.00
19:11:47      14    0.00    0.00    0.00    0.00    0.00    0.00    0.00    0.00    0.00  100.00
19:11:47      15    0.00    0.00    0.00    1.00    0.00    0.00    0.00    0.00    0.00   99.00
19:11:47      16    0.00    0.00    0.00    0.00    0.00    0.00    0.00    0.00    0.00  100.00
19:11:47      17    0.00    0.00    0.00    0.00    0.00    0.00    0.00    0.00    0.00  100.00
19:11:47      18    0.00    0.00    0.00    0.00    0.00    0.00    0.00    0.00    0.00  100.00
19:11:47      19    0.00    0.00    0.00    0.00    0.00    0.00    0.00    0.00    0.00  100.00
19:11:47      20    0.00    0.00    0.00    0.00    0.00    0.00    0.00    0.00    0.00  100.00
19:11:47      21    0.00    0.00    0.00    0.00    0.00    0.00    0.00    0.00    0.00  100.00
19:11:47      22    0.00    0.00    0.00    0.00    0.00    0.00    0.00    0.00    0.00  100.00
19:11:47      23    1.00    0.00    1.00    0.00    0.00    0.00    0.00    0.00    0.00   98.00
19:11:47      24    0.00    0.00    0.00    0.00    0.00    0.00    0.00    0.00    0.00  100.00
19:11:47      25    0.00    0.00    0.00    0.00    0.00    0.00    0.00    0.00    0.00  100.00
19:11:47      26    0.00    0.00    0.00    0.00    0.00    0.00    0.00    0.00    0.00  100.00
19:11:47      27    0.00    0.00    0.00    0.00    0.00    0.00    0.00    0.00    0.00  100.00
19:11:47      28    0.00    0.00    0.00    0.00    0.00    0.00    0.00    0.00    0.00  100.00
19:11:47      29    0.00    0.00    0.00    0.00    0.00    0.00    0.00    0.00    0.00  100.00
19:11:47      30    0.00    0.00    0.00    0.00    0.00    0.00    0.00    0.00    0.00  100.00
19:11:47      31    0.00    0.00    0.00    0.00    0.00    0.00    0.00    0.00    0.00  100.00
